Component: ARM Compiler 5.06 update 6 (build 750) Tool: armlink [4d35ed]

==============================================================================

Section Cross References

    startup_stm32l432xx.o(RESET) refers to startup_stm32l432xx.o(STACK) for __initial_sp
    startup_stm32l432xx.o(RESET) refers to startup_stm32l432xx.o(.text) for Reset_Handler
    startup_stm32l432xx.o(RESET) refers to stm32l4xx_it.o(i.NMI_Handler) for NMI_Handler
    startup_stm32l432xx.o(RESET) refers to stm32l4xx_it.o(i.HardFault_Handler) for HardFault_Handler
    startup_stm32l432xx.o(RESET) refers to stm32l4xx_it.o(i.MemManage_Handler) for MemManage_Handler
    startup_stm32l432xx.o(RESET) refers to stm32l4xx_it.o(i.BusFault_Handler) for BusFault_Handler
    startup_stm32l432xx.o(RESET) refers to stm32l4xx_it.o(i.UsageFault_Handler) for UsageFault_Handler
    startup_stm32l432xx.o(RESET) refers to stm32l4xx_it.o(i.SVC_Handler) for SVC_Handler
    startup_stm32l432xx.o(RESET) refers to stm32l4xx_it.o(i.DebugMon_Handler) for DebugMon_Handler
    startup_stm32l432xx.o(RESET) refers to stm32l4xx_it.o(i.PendSV_Handler) for PendSV_Handler
    startup_stm32l432xx.o(RESET) refers to stm32l4xx_it.o(i.SysTick_Handler) for SysTick_Handler
    startup_stm32l432xx.o(RESET) refers to stm32l4xx_it.o(i.EXTI0_IRQHandler) for EXTI0_IRQHandler
    startup_stm32l432xx.o(RESET) refers to stm32l4xx_it.o(i.EXTI3_IRQHandler) for EXTI3_IRQHandler
    startup_stm32l432xx.o(RESET) refers to stm32l4xx_it.o(i.EXTI4_IRQHandler) for EXTI4_IRQHandler
    startup_stm32l432xx.o(RESET) refers to stm32l4xx_it.o(i.EXTI9_5_IRQHandler) for EXTI9_5_IRQHandler
    startup_stm32l432xx.o(RESET) refers to stm32l4xx_it.o(i.TIM1_UP_TIM16_IRQHandler) for TIM1_UP_TIM16_IRQHandler
    startup_stm32l432xx.o(RESET) refers to stm32l4xx_it.o(i.USART1_IRQHandler) for USART1_IRQHandler
    startup_stm32l432xx.o(RESET) refers to stm32l4xx_it.o(i.USART2_IRQHandler) for USART2_IRQHandler
    startup_stm32l432xx.o(RESET) refers to stm32l4xx_it.o(i.TIM6_DAC_IRQHandler) for TIM6_DAC_IRQHandler
    startup_stm32l432xx.o(RESET) refers to stm32l4xx_it.o(i.TIM7_IRQHandler) for TIM7_IRQHandler
    startup_stm32l432xx.o(.text) refers to system_stm32l4xx.o(i.SystemInit) for SystemInit
    startup_stm32l432xx.o(.text) refers to entry.o(.ARM.Collect$$$$00000000) for __main
    sd.o(i.SD_PowerOn) refers to main.o(.data) for Timer1
    sd.o(i.SD_Read_Block) refers to sd.o(i.SD_cmd) for SD_cmd
    sd.o(i.SD_Read_Block) refers to sd.o(i.SPIx_WriteRead) for SPIx_WriteRead
    sd.o(i.SD_Read_Block) refers to sd.o(i.SPI_ReceiveByte) for SPI_ReceiveByte
    sd.o(i.SD_Write_Block) refers to sd.o(i.SD_cmd) for SD_cmd
    sd.o(i.SD_Write_Block) refers to sd.o(i.SPIx_WriteRead) for SPIx_WriteRead
    sd.o(i.SD_Write_Block) refers to sd.o(i.SPI_ReceiveByte) for SPI_ReceiveByte
    sd.o(i.SD_cmd) refers to stm32l4xx_hal_gpio.o(i.HAL_GPIO_WritePin) for HAL_GPIO_WritePin
    sd.o(i.SD_cmd) refers to sd.o(i.SPIx_WriteRead) for SPIx_WriteRead
    sd.o(i.SD_cmd) refers to sd.o(i.SPI_ReceiveByte) for SPI_ReceiveByte
    sd.o(i.SPI_ReceiveByte) refers to sd.o(i.SPIx_WriteRead) for SPIx_WriteRead
    sd.o(i.SPI_Release) refers to sd.o(i.SPIx_WriteRead) for SPIx_WriteRead
    sd.o(i.SPI_SendByte) refers to sd.o(i.SPIx_WriteRead) for SPIx_WriteRead
    sd.o(i.SPI_wait_ready) refers to sd.o(i.SPI_ReceiveByte) for SPI_ReceiveByte
    sd.o(i.SPIx_WriteRead) refers to stm32l4xx_hal_spi.o(i.HAL_SPI_TransmitReceive) for HAL_SPI_TransmitReceive
    sd.o(i.SPIx_WriteRead) refers to stm32l4xx_hal_gpio.o(i.HAL_GPIO_WritePin) for HAL_GPIO_WritePin
    sd.o(i.SPIx_WriteRead) refers to main.o(.bss) for hspi1
    sd.o(i.sd_ini) refers to stm32l4xx_hal_gpio.o(i.HAL_GPIO_WritePin) for HAL_GPIO_WritePin
    sd.o(i.sd_ini) refers to stm32l4xx_hal_spi.o(i.HAL_SPI_Init) for HAL_SPI_Init
    sd.o(i.sd_ini) refers to sd.o(i.SPIx_WriteRead) for SPIx_WriteRead
    sd.o(i.sd_ini) refers to sd.o(i.SD_cmd) for SD_cmd
    sd.o(i.sd_ini) refers to sd.o(i.SPI_ReceiveByte) for SPI_ReceiveByte
    sd.o(i.sd_ini) refers to printf8.o(i.__0sprintf$8) for __2sprintf
    sd.o(i.sd_ini) refers to strlen.o(.text) for strlen
    sd.o(i.sd_ini) refers to stm32l4xx_hal_uart.o(i.HAL_UART_Transmit) for HAL_UART_Transmit
    sd.o(i.sd_ini) refers to sd.o(.data) for .data
    sd.o(i.sd_ini) refers to main.o(.bss) for hspi1
    sd.o(i.sd_ini) refers to sd.o(.bss) for .bss
    gps.o(i.gps_init) refers to memcpya.o(.text) for __aeabi_memcpy4
    gps.o(i.gps_process_gpgga) refers to _scanf_int.o(.text) for _scanf_int
    gps.o(i.gps_process_gpgga) refers to scanf_fp.o(.text) for _scanf_real
    gps.o(i.gps_process_gpgga) refers to gps.o(i.gps_read_field) for gps_read_field
    gps.o(i.gps_process_gpgga) refers to strlen.o(.text) for strlen
    gps.o(i.gps_process_gpgga) refers to __0sscanf.o(.text) for __0sscanf
    gps.o(i.gps_process_gpgsa) refers to scanf_fp.o(.text) for _scanf_real
[...]
    i.RCC_SetFlashLatencyFromMSIRange        0x0800313c   Section        0  stm32l4xx_hal_rcc.o(i.RCC_SetFlashLatencyFromMSIRange)
    RCC_SetFlashLatencyFromMSIRange          0x0800313d   Thumb Code   116  stm32l4xx_hal_rcc.o(i.RCC_SetFlashLatencyFromMSIRange)
    i.SD_PowerOn                             0x080031b8   Section        0  sd.o(i.SD_PowerOn)
    i.SD_Read_Block                          0x080031cc   Section        0  sd.o(i.SD_Read_Block)
    i.SD_Write_Block                         0x08003222   Section        0  sd.o(i.SD_Write_Block)
    i.SD_cmd                                 0x08003286   Section        0  sd.o(i.SD_cmd)
    SD_cmd                                   0x08003287   Thumb Code   144  sd.o(i.SD_cmd)
    i.SPI_EndRxTxTransaction                 0x08003316   Section        0  stm32l4xx_hal_spi.o(i.SPI_EndRxTxTransaction)
    SPI_EndRxTxTransaction                   0x08003317   Thumb Code    72  stm32l4xx_hal_spi.o(i.SPI_EndRxTxTransaction)
    i.SPI_ReceiveByte                        0x0800335e   Section        0  sd.o(i.SPI_ReceiveByte)
    i.SPI_Release                            0x08003364   Section        0  sd.o(i.SPI_Release)
    i.SPI_WaitFifoStateUntilTimeout          0x0800336a   Section        0  stm32l4xx_hal_spi.o(i.SPI_WaitFifoStateUntilTimeout)
    SPI_WaitFifoStateUntilTimeout            0x0800336b   Thumb Code   150  stm32l4xx_hal_spi.o(i.SPI_WaitFifoStateUntilTimeout)
    i.SPI_WaitFlagStateUntilTimeout          0x08003400   Section        0  stm32l4xx_hal_spi.o(i.SPI_WaitFlagStateUntilTimeout)
    SPI_WaitFlagStateUntilTimeout            0x08003401   Thumb Code   148  stm32l4xx_hal_spi.o(i.SPI_WaitFlagStateUntilTimeout)
    i.SPI_wait_ready                         0x08003494   Section        0  sd.o(i.SPI_wait_ready)
    i.SPIx_WriteRead                         0x080034b4   Section        0  sd.o(i.SPIx_WriteRead)
    i.SVC_Handler                            0x080034ec   Section        0  stm32l4xx_it.o(i.SVC_Handler)
    i.SysTick_Handler                        0x080034ee   Section        0  stm32l4xx_it.o(i.SysTick_Handler)
    i.SystemClock_Config                     0x080034fc   Section        0  main.o(i.SystemClock_Config)
    i.SystemInit                             0x080035a4   Section        0  system_stm32l4xx.o(i.SystemInit)
    i.TIM1_UP_TIM16_IRQHandler               0x080035e8   Section        0  stm32l4xx_it.o(i.TIM1_UP_TIM16_IRQHandler)
    i.TIM6_DAC_IRQHandler                    0x080035f4   Section        0  stm32l4xx_it.o(i.TIM6_DAC_IRQHandler)
    i.TIM7_IRQHandler                        0x08003600   Section        0  stm32l4xx_it.o(i.TIM7_IRQHandler)
    i.TIM_Base_SetConfig                     0x0800360c   Section        0  stm32l4xx_hal_tim.o(i.TIM_Base_SetConfig)
    i.UART_AdvFeatureConfig                  0x08003678   Section        0  stm32l4xx_hal_uart.o(i.UART_AdvFeatureConfig)
    i.UART_CheckIdleState                    0x08003740   Section        0  stm32l4xx_hal_uart.o(i.UART_CheckIdleState)
    i.UART_DMAAbortOnError                   0x0800379c   Section        0  stm32l4xx_hal_uart.o(i.UART_DMAAbortOnError)
    UART_DMAAbortOnError                     0x0800379d   Thumb Code    20  stm32l4xx_hal_uart.o(i.UART_DMAAbortOnError)
    i.UART_EndRxTransfer                     0x080037b0   Section        0  stm32l4xx_hal_uart.o(i.UART_EndRxTransfer)
    UART_EndRxTransfer                       0x080037b1   Thumb Code    32  stm32l4xx_hal_uart.o(i.UART_EndRxTransfer)
    i.UART_RxISR_16BIT                       0x080037d0   Section        0  stm32l4xx_hal_uart.o(i.UART_RxISR_16BIT)
    UART_RxISR_16BIT                         0x080037d1   Thumb Code    92  stm32l4xx_hal_uart.o(i.UART_RxISR_16BIT)
    i.UART_RxISR_8BIT                        0x0800382c   Section        0  stm32l4xx_hal_uart.o(i.UART_RxISR_8BIT)
    UART_RxISR_8BIT                          0x0800382d   Thumb Code    90  stm32l4xx_hal_uart.o(i.UART_RxISR_8BIT)
    i.UART_SetConfig                         0x08003888   Section        0  stm32l4xx_hal_uart.o(i.UART_SetConfig)
    i.UART_WaitOnFlagUntilTimeout            0x08003abc   Section        0  stm32l4xx_hal_uart.o(i.UART_WaitOnFlagUntilTimeout)
    i.USART1_IRQHandler                      0x08003b20   Section        0  stm32l4xx_it.o(i.USART1_IRQHandler)
    i.USART2_IRQHandler                      0x08003b2c   Section        0  stm32l4xx_it.o(i.USART2_IRQHandler)
    i.USER_initialize                        0x08003b38   Section        0  user_diskio.o(i.USER_initialize)
    i.USER_ioctl                             0x08003b7c   Section        0  user_diskio.o(i.USER_ioctl)
    i.USER_read                              0x08003c24   Section        0  user_diskio.o(i.USER_read)
    i.USER_status                            0x08003cd4   Section        0  user_diskio.o(i.USER_status)
    i.USER_write                             0x08003d0c   Section        0  user_diskio.o(i.USER_write)
    i.UsageFault_Handler                     0x08003dbc   Section        0  stm32l4xx_it.o(i.UsageFault_Handler)
    i.__0sprintf$8                           0x08003dc0   Section        0  printf8.o(i.__0sprintf$8)
    i.__scatterload_copy                     0x08003de8   Section       14  handlers.o(i.__scatterload_copy)
    i.__scatterload_null                     0x08003df6   Section        2  handlers.o(i.__scatterload_null)
    i.__scatterload_zeroinit                 0x08003df8   Section       14  handlers.o(i.__scatterload_zeroinit)
    i._is_digit                              0x08003e06   Section        0  scanf_fp.o(i._is_digit)
    i._printf_core                           0x08003e14   Section        0  printf8.o(i._printf_core)
    _printf_core                             0x08003e15   Thumb Code   996  printf8.o(i._printf_core)
    i._printf_post_padding                   0x0800422a   Section        0  printf8.o(i._printf_post_padding)
    _printf_post_padding                     0x0800422b   Thumb Code    36  printf8.o(i._printf_post_padding)
    i._printf_pre_padding                    0x0800424e   Section        0  printf8.o(i._printf_pre_padding)
    _printf_pre_padding                      0x0800424f   Thumb Code    46  printf8.o(i._printf_pre_padding)
    i._sputc                                 0x0800427c   Section        0  printf8.o(i._sputc)
    _sputc                                   0x0800427d   Thumb Code    10  printf8.o(i._sputc)
    i.check_fs                               0x08004288   Section        0  ff.o(i.check_fs)
    check_fs                                 0x08004289   Thumb Code   102  ff.o(i.check_fs)
    i.chk_chr                                0x080042f8   Section        0  ff.o(i.chk_chr)
    chk_chr                                  0x080042f9   Thumb Code    16  ff.o(i.chk_chr)
    i.chk_lock                               0x08004308   Section        0  ff.o(i.chk_lock)
    chk_lock                                 0x08004309   Thumb Code    86  ff.o(i.chk_lock)
    i.clear_lock                             0x08004364   Section        0  ff.o(i.clear_lock)
    clear_lock                               0x08004365   Thumb Code    28  ff.o(i.clear_lock)
    i.clmt_clust                             0x08004384   Section        0  ff.o(i.clmt_clust)
    clmt_clust                               0x08004385   Thumb Code    38  ff.o(i.clmt_clust)
    i.clust2sect                             0x080043aa   Section        0  ff.o(i.clust2sect)
    clust2sect                               0x080043ab   Thumb Code    24  ff.o(i.clust2sect)
    i.cmp_lfn                                0x080043c4   Section        0  ff.o(i.cmp_lfn)
    cmp_lfn                                  0x080043c5   Thumb Code   124  ff.o(i.cmp_lfn)
    i.create_chain                           0x0800444a   Section        0  ff.o(i.create_chain)
    create_chain                             0x0800444b   Thumb Code   164  ff.o(i.create_chain)
    i.create_name                            0x080044f0   Section        0  ff.o(i.create_name)
    create_name                              0x080044f1   Thumb Code   494  ff.o(i.create_name)
    i.dec_lock                               0x08004700   Section        0  ff.o(i.dec_lock)
    dec_lock                                 0x08004701   Thumb Code    48  ff.o(i.dec_lock)
    i.dir_find                               0x08004734   Section        0  ff.o(i.dir_find)
    dir_find                                 0x08004735   Thumb Code   208  ff.o(i.dir_find)
    i.dir_next                               0x08004804   Section        0  ff.o(i.dir_next)
    dir_next                                 0x08004805   Thumb Code   258  ff.o(i.dir_next)
    i.dir_register                           0x08004908   Section        0  ff.o(i.dir_register)
    dir_register                             0x08004909   Thumb Code   480  ff.o(i.dir_register)
    i.dir_sdi                                0x08004af2   Section        0  ff.o(i.dir_sdi)
    dir_sdi                                  0x08004af3   Thumb Code   142  ff.o(i.dir_sdi)
    i.disk_initialize                        0x08004b80   Section        0  diskio.o(i.disk_initialize)
    i.disk_ioctl                             0x08004ba8   Section        0  diskio.o(i.disk_ioctl)
    i.disk_read                              0x08004bc4   Section        0  diskio.o(i.disk_read)
    i.disk_status                            0x08004be0   Section        0  diskio.o(i.disk_status)
    i.disk_write                             0x08004bf8   Section        0  diskio.o(i.disk_write)
    i.f_close                                0x08004c14   Section        0  ff.o(i.f_close)
    i.f_mount                                0x08004c3c   Section        0  ff.o(i.f_mount)
    i.f_open                                 0x08004c94   Section        0  ff.o(i.f_open)
    i.f_sync                                 0x08004eb0   Section        0  ff.o(i.f_sync)
    i.f_write                                0x08004f3e   Section        0  ff.o(i.f_write)
    i.ff_convert                             0x080050f8   Section        0  ccsbcs_1.o(i.ff_convert)
    i.ff_wtoupper                            0x08005130   Section        0  ccsbcs_1.o(i.ff_wtoupper)
    i.find_volume                            0x080051b0   Section        0  ff.o(i.find_volume)
    find_volume                              0x080051b1   Thumb Code   640  ff.o(i.find_volume)
    i.follow_path                            0x08005440   Section        0  ff.o(i.follow_path)
    follow_path                              0x08005441   Thumb Code   122  ff.o(i.follow_path)
    i.gen_numname                            0x080054bc   Section        0  ff.o(i.gen_numname)
    gen_numname                              0x080054bd   Thumb Code   122  ff.o(i.gen_numname)
    i.get_fat                                0x0800553c   Section        0  ff.o(i.get_fat)
    get_fat                                  0x0800553d   Thumb Code   232  ff.o(i.get_fat)
    i.get_fattime                            0x08005624   Section        0  fatfs.o(i.get_fattime)
    i.get_ldnumber                           0x08005628   Section        0  ff.o(i.get_ldnumber)
    get_ldnumber                             0x08005629   Thumb Code    60  ff.o(i.get_ldnumber)
    i.gps_init                               0x08005664   Section        0  gps.o(i.gps_init)
    i.gps_process_gpgga                      0x080056ec   Section        0  gps.o(i.gps_process_gpgga)
    i.gps_process_gpgsa                      0x08005774   Section        0  gps.o(i.gps_process_gpgsa)
    i.gps_process_gprmc                      0x08005828   Section        0  gps.o(i.gps_process_gprmc)
    i.gps_process_gpvtg                      0x0800594c   Section        0  gps.o(i.gps_process_gpvtg)
    i.gps_process_line                       0x080059b0   Section        0  gps.o(i.gps_process_line)
    i.gps_read_field                         0x08005a38   Section        0  gps.o(i.gps_read_field)
    i.gps_recv_char                          0x08005a82   Section        0  gps.o(i.gps_recv_char)
    i.inc_lock                               0x08005ac8   Section        0  ff.o(i.inc_lock)
    inc_lock                                 0x08005ac9   Thumb Code   124  ff.o(i.inc_lock)
    i.konwert_liczb                          0x08005b48   Section        0  funkcje_wlasne.o(i.konwert_liczb)
    i.ld_clust                               0x08005ce8   Section        0  ff.o(i.ld_clust)
    ld_clust                                 0x08005ce9   Thumb Code    38  ff.o(i.ld_clust)
    i.ld_dword                               0x08005d0e   Section        0  ff.o(i.ld_dword)
    ld_dword                                 0x08005d0f   Thumb Code    22  ff.o(i.ld_dword)
    i.ld_word                                0x08005d24   Section        0  ff.o(i.ld_word)
    ld_word                                  0x08005d25   Thumb Code    10  ff.o(i.ld_word)
    i.licz_odleglosc                         0x08005d30   Section        0  funkcje_wlasne.o(i.licz_odleglosc)
    i.licz_puls                              0x08005d74   Section        0  funkcje_wlasne.o(i.licz_puls)
    i.licz_sr_puls                           0x08005da8   Section        0  funkcje_wlasne.o(i.licz_sr_puls)
    i.main                                   0x08005de8   Section        0  main.o(i.main)
    i.mem_cpy                                0x08006344   Section        0  ff.o(i.mem_cpy)
    mem_cpy                                  0x08006345   Thumb Code    18  ff.o(i.mem_cpy)
    i.mem_set                                0x08006358   Section        0  ff.o(i.mem_set)
    mem_set                                  0x08006359   Thumb Code    14  ff.o(i.mem_set)
    i.move_window                            0x08006366   Section        0  ff.o(i.move_window)
    move_window                              0x08006367   Thumb Code    50  ff.o(i.move_window)
    i.oled_akt_il_sat                        0x08006398   Section        0  funkcje_wlasne.o(i.oled_akt_il_sat)
    i.oled_akt_puls                          0x080063e8   Section        0  funkcje_wlasne.o(i.oled_akt_puls)
    i.oled_czas                              0x08006434   Section        0  funkcje_wlasne.o(i.oled_czas)
    i.oled_ekr_glowny                        0x080064d0   Section        0  funkcje_wlasne.o(i.oled_ekr_glowny)
    i.oled_end                               0x08006614   Section        0  funkcje_wlasne.o(i.oled_end)
    i.oled_header                            0x0800675c   Section        0  funkcje_wlasne.o(i.oled_header)
    i.oled_koniec                            0x080068ac   Section        0  funkcje_wlasne.o(i.oled_koniec)
    i.oled_start                             0x080069e0   Section        0  funkcje_wlasne.o(i.oled_start)
    i.put_fat                                0x08006aac   Section        0  ff.o(i.put_fat)
    put_fat                                  0x08006aad   Thumb Code   292  ff.o(i.put_fat)
    i.remove_chain                           0x08006bd0   Section        0  ff.o(i.remove_chain)
    remove_chain                             0x08006bd1   Thumb Code   116  ff.o(i.remove_chain)
    i.sd_ini                                 0x08006c44   Section        0  sd.o(i.sd_ini)
    i.ssd1331_clear_screen                   0x08006e4a   Section        0  ssd1331.o(i.ssd1331_clear_screen)
    i.ssd1331_display_char                   0x08006e70   Section        0  ssd1331.o(i.ssd1331_display_char)
    i.ssd1331_display_num                    0x08006f12   Section        0  ssd1331.o(i.ssd1331_display_num)
    i.ssd1331_display_string                 0x08006fa8   Section        0  ssd1331.o(i.ssd1331_display_string)
    i.ssd1331_draw_circle                    0x0800700a   Section        0  ssd1331.o(i.ssd1331_draw_circle)
    i.ssd1331_draw_point                     0x080070a0   Section        0  ssd1331.o(i.ssd1331_draw_point)
    i.ssd1331_fill_rect                      0x080070f8   Section        0  ssd1331.o(i.ssd1331_fill_rect)
    i.ssd1331_init                           0x08007148   Section        0  ssd1331.o(i.ssd1331_init)
    i.ssd1331_write_byte                     0x080072a0   Section        0  ssd1331.o(i.ssd1331_write_byte)
    ssd1331_write_byte                       0x080072a1   Thumb Code    66  ssd1331.o(i.ssd1331_write_byte)
    i.st_clust                               0x080072ec   Section        0  ff.o(i.st_clust)
    st_clust                                 0x080072ed   Thumb Code    40  ff.o(i.st_clust)
    i.st_dword                               0x08007314   Section        0  ff.o(i.st_dword)
    st_dword                                 0x08007315   Thumb Code    16  ff.o(i.st_dword)
    i.st_word                                0x08007324   Section        0  ff.o(i.st_word)
    st_word                                  0x08007325   Thumb Code     8  ff.o(i.st_word)
    i.sum_sfn                                0x0800732c   Section        0  ff.o(i.sum_sfn)
    sum_sfn                                  0x0800732d   Thumb Code    26  ff.o(i.sum_sfn)
    i.sync_fs                                0x08007348   Section        0  ff.o(i.sync_fs)
    sync_fs                                  0x08007349   Thumb Code   126  ff.o(i.sync_fs)
    i.sync_window                            0x080073d0   Section        0  ff.o(i.sync_window)
    sync_window                              0x080073d1   Thumb Code    82  ff.o(i.sync_window)
    i.validate                               0x08007422   Section        0  ff.o(i.validate)
    validate                                 0x08007423   Thumb Code    50  ff.o(i.validate)
    .constdata                               0x08007454   Section     1140  fonts.o(.constdata)
    .constdata                               0x080078c8   Section     1520  fonts.o(.constdata)
    .constdata                               0x08007eb8   Section       64  system_stm32l4xx.o(.constdata)
    .constdata                               0x08007ef8   Section        8  system_stm32l4xx.o(.constdata)
    .constdata                               0x08007f00   Section      942  ccsbcs_1.o(.constdata)
    Tbl                                      0x08007f00   Data         256  ccsbcs_1.o(.constdata)
    cvt1                                     0x08008000   Data         498  ccsbcs_1.o(.constdata)
    cvt2                                     0x080081f2   Data         188  ccsbcs_1.o(.constdata)
    .constdata                               0x080082ae   Section      170  ff.o(.constdata)
    ExCvt                                    0x080082ae   Data         128  ff.o(.constdata)
    LfnOfs                                   0x0800832e   Data          13  ff.o(.constdata)
    cst                                      0x0800833c   Data          14  ff.o(.constdata)
    cst32                                    0x0800834a   Data          14  ff.o(.constdata)
    .constdata                               0x08008358   Section       64  ctype_c.o(.constdata)
    .data                                    0x20000000   Section        1  sd.o(.data)
    .data                                    0x20000004   Section       20  funkcje_wlasne.o(.data)
    .data                                    0x20000018   Section      156  main.o(.data)
    .data                                    0x200000b4   Section        1  user_diskio.o(.data)
    Stat                                     0x200000b4   Data           1  user_diskio.o(.data)
    .data                                    0x200000b8   Section       20  user_diskio.o(.data)
    .data                                    0x200000cc   Section        5  fatfs.o(.data)
    .data                                    0x200000d4   Section        4  stm32l4xx_hal.o(.data)
    .data                                    0x200000d8   Section        4  system_stm32l4xx.o(.data)
    .data                                    0x200000dc   Section        8  ff.o(.data)
    Fsid                                     0x200000dc   Data           2  ff.o(.data)
    FatFs                                    0x200000e0   Data           4  ff.o(.data)
    .bss                                     0x200000e4   Section       60  sd.o(.bss)
    .bss                                     0x20000120   Section     9160  main.o(.bss)
    .bss                                     0x200024e8   Section      544  ff.o(.bss)
    Files                                    0x200024e8   Data          32  ff.o(.bss)
    LfnBuf                                   0x20002508   Data         512  ff.o(.bss)
    .bss                                     0x20002708   Section       12  ff_gen_drv.o(.bss)
    STACK                                    0x20002718   Section     1024  startup_stm32l432xx.o(STACK)

    Global Symbols

    Symbol Name                              Value     Ov Type        Size  Object(Section)

    BuildAttributes$$THM_ISAv4$E$P$D$K$B$S$7EM$VFPi3$EXTD16$VFPS$VFMA$PE$A:L22UL41UL21$X:L11$S22US41US21$IEEE1$IW$USESV6$~STKCKD$USESV7$~SHL$OTIME$ROPI$EBA8$MICROLIB$REQ8$PRES8$EABIv2 0x00000000   Number         0  anon$$obj.o ABSOLUTE
    __ARM_use_no_argv                        0x00000000   Number         0  main.o ABSOLUTE
    _printf_a                                0x00000000   Number         0  stubs.o ABSOLUTE
    _printf_c                                0x00000000   Number         0  stubs.o ABSOLUTE
    _printf_charcount                        0x00000000   Number         0  stubs.o ABSOLUTE
    _printf_d                                0x00000000   Number         0  stubs.o ABSOLUTE
    _printf_e                                0x00000000   Number         0  stubs.o ABSOLUTE
    _printf_f                                0x00000000   Number         0  stubs.o ABSOLUTE
    _printf_flags                            0x00000000   Number         0  stubs.o ABSOLUTE
    _printf_fp_dec                           0x00000000   Number         0  stubs.o ABSOLUTE
    _printf_fp_hex                           0x00000000   Number         0  stubs.o ABSOLUTE
    _printf_g                                0x00000000   Number         0  stubs.o ABSOLUTE
    _printf_i                                0x00000000   Number         0  stubs.o ABSOLUTE
    _printf_int_dec                          0x00000000   Number         0  stubs.o ABSOLUTE
    _printf_l                                0x00000000   Number         0  stubs.o ABSOLUTE
    _printf_lc                               0x00000000   Number         0  stubs.o ABSOLUTE
    _printf_ll                               0x00000000   Number         0  stubs.o ABSOLUTE
    _printf_lld                              0x00000000   Number         0  stubs.o ABSOLUTE
    _printf_lli                              0x00000000   Number         0  stubs.o ABSOLUTE
    _printf_llo                              0x00000000   Number         0  stubs.o ABSOLUTE
    _printf_llu                              0x00000000   Number         0  stubs.o ABSOLUTE
    _printf_llx                              0x00000000   Number         0  stubs.o ABSOLUTE
    _printf_longlong_dec                     0x00000000   Number         0  stubs.o ABSOLUTE
    _printf_longlong_hex                     0x00000000   Number         0  stubs.o ABSOLUTE
    _printf_longlong_oct                     0x00000000   Number         0  stubs.o ABSOLUTE
    _printf_ls                               0x00000000   Number         0  stubs.o ABSOLUTE
    _printf_mbtowc                           0x00000000   Number         0  stubs.o ABSOLUTE
    _printf_n                                0x00000000   Number         0  stubs.o ABSOLUTE
    _printf_o                                0x00000000   Number         0  stubs.o ABSOLUTE
    _printf_p                                0x00000000   Number         0  stubs.o ABSOLUTE
    _printf_percent                          0x00000000   Number         0  stubs.o ABSOLUTE
    _printf_pre_padding                      0x00000000   Number         0  stubs.o ABSOLUTE
    _printf_return_value                     0x00000000   Number         0  stubs.o ABSOLUTE
    _printf_s                                0x00000000   Number         0  stubs.o ABSOLUTE
    _printf_sizespec                         0x00000000   Number         0  stubs.o ABSOLUTE
    _printf_str                              0x00000000   Number         0  stubs.o ABSOLUTE
    _printf_truncate_signed                  0x00000000   Number         0  stubs.o ABSOLUTE
    _printf_truncate_unsigned                0x00000000   Number         0  stubs.o ABSOLUTE
    _printf_u                                0x00000000   Number         0  stubs.o ABSOLUTE
    _printf_wc                               0x00000000   Number         0  stubs.o ABSOLUTE
    _printf_wctomb                           0x00000000   Number         0  stubs.o ABSOLUTE
    _printf_widthprec                        0x00000000   Number         0  stubs.o ABSOLUTE
    _printf_x                                0x00000000   Number         0  stubs.o ABSOLUTE
    __cpp_initialize__aeabi_                  - Undefined Weak Reference
    __cxa_finalize                            - Undefined Weak Reference
    __decompress                              - Undefined Weak Reference
    _clock_init                               - Undefined Weak Reference
    _microlib_exit                            - Undefined Weak Reference
    _scanf_longlong                           - Undefined Weak Reference
    __Vectors_Size                           0x0000018c   Number         0  startup_stm32l432xx.o ABSOLUTE
    __Vectors                                0x08000000   Data           4  startup_stm32l432xx.o(RESET)
    __Vectors_End                            0x0800018c   Data           0  startup_stm32l432xx.o(RESET)
    __main                                   0x0800018d   Thumb Code     0  entry.o(.ARM.Collect$$$$00000000)
    _main_stk                                0x0800018d   Thumb Code     0  entry2.o(.ARM.Collect$$$$00000001)
    _main_scatterload                        0x08000191   Thumb Code     0  entry5.o(.ARM.Collect$$$$00000004)
    __main_after_scatterload                 0x08000195   Thumb Code     0  entry5.o(.ARM.Collect$$$$00000004)
    _main_clock                              0x08000195   Thumb Code     0  entry7b.o(.ARM.Collect$$$$00000008)
    _main_cpp_init                           0x08000195   Thumb Code     0  entry8b.o(.ARM.Collect$$$$0000000A)
    _main_init                               0x08000195   Thumb Code     0  entry9a.o(.ARM.Collect$$$$0000000B)
    __rt_final_cpp                           0x0800019d   Thumb Code     0  entry10a.o(.ARM.Collect$$$$0000000D)
    __rt_final_exit                          0x0800019d   Thumb Code     0  entry11a.o(.ARM.Collect$$$$0000000F)
    Reset_Handler                            0x080001a1   Thumb Code     8  startup_stm32l432xx.o(.text)
    ADC1_IRQHandler                          0x080001bb   Thumb Code     0  startup_stm32l432xx.o(.text)
    CAN1_RX0_IRQHandler                      0x080001bb   Thumb Code     0  startup_stm32l432xx.o(.text)
    CAN1_RX1_IRQHandler                      0x080001bb   Thumb Code     0  startup_stm32l432xx.o(.text)
    CAN1_SCE_IRQHandler                      0x080001bb   Thumb Code     0  startup_stm32l432xx.o(.text)
    CAN1_TX_IRQHandler                       0x080001bb   Thumb Code     0  startup_stm32l432xx.o(.text)
    COMP_IRQHandler                          0x080001bb   Thumb Code     0  startup_stm32l432xx.o(.text)
    CRS_IRQHandler                           0x080001bb   Thumb Code     0  startup_stm32l432xx.o(.text)
    DMA1_Channel1_IRQHandler                 0x080001bb   Thumb Code     0  startup_stm32l432xx.o(.text)
    DMA1_Channel2_IRQHandler                 0x080001bb   Thumb Code     0  startup_stm32l432xx.o(.text)
    DMA1_Channel3_IRQHandler                 0x080001bb   Thumb Code     0  startup_stm32l432xx.o(.text)
    DMA1_Channel4_IRQHandler                 0x080001bb   Thumb Code     0  startup_stm32l432xx.o(.text)
    DMA1_Channel5_IRQHandler                 0x080001bb   Thumb Code     0  startup_stm32l432xx.o(.text)
    DMA1_Channel6_IRQHandler                 0x080001bb   Thumb Code     0  startup_stm32l432xx.o(.text)
    DMA1_Channel7_IRQHandler                 0x080001bb   Thumb Code     0  startup_stm32l432xx.o(.text)
    DMA2_Channel1_IRQHandler                 0x080001bb   Thumb Code     0  startup_stm32l432xx.o(.text)
    DMA2_Channel2_IRQHandler                 0x080001bb   Thumb Code     0  startup_stm32l432xx.o(.text)
    DMA2_Channel3_IRQHandler                 0x080001bb   Thumb Code     0  startup_stm32l432xx.o(.text)
    DMA2_Channel4_IRQHandler                 0x080001bb   Thumb Code     0  startup_stm32l432xx.o(.text)
    DMA2_Channel5_IRQHandler                 0x080001bb   Thumb Code     0  startup_stm32l432xx.o(.text)
    DMA2_Channel6_IRQHandler                 0x080001bb   Thumb Code     0  startup_stm32l432xx.o(.text)
    DMA2_Channel7_IRQHandler                 0x080001bb   Thumb Code     0  startup_stm32l432xx.o(.text)
    EXTI15_10_IRQHandler                     0x080001bb   Thumb Code     0  startup_stm32l432xx.o(.text)
    EXTI1_IRQHandler                         0x080001bb   Thumb Code     0  startup_stm32l432xx.o(.text)
    EXTI2_IRQHandler                         0x080001bb   Thumb Code     0  startup_stm32l432xx.o(.text)
    FLASH_IRQHandler                         0x080001bb   Thumb Code     0  startup_stm32l432xx.o(.text)
    FPU_IRQHandler                           0x080001bb   Thumb Code     0  startup_stm32l432xx.o(.text)
    I2C1_ER_IRQHandler                       0x080001bb   Thumb Code     0  startup_stm32l432xx.o(.text)
    I2C1_EV_IRQHandler                       0x080001bb   Thumb Code     0  startup_stm32l432xx.o(.text)
    I2C3_ER_IRQHandler                       0x080001bb   Thumb Code     0  startup_stm32l432xx.o(.text)
    I2C3_EV_IRQHandler                       0x080001bb   Thumb Code     0  startup_stm32l432xx.o(.text)
    LPTIM1_IRQHandler                        0x080001bb   Thumb Code     0  startup_stm32l432xx.o(.text)
    LPTIM2_IRQHandler                        0x080001bb   Thumb Code     0  startup_stm32l432xx.o(.text)
    LPUART1_IRQHandler                       0x080001bb   Thumb Code     0  startup_stm32l432xx.o(.text)
    PVD_PVM_IRQHandler                       0x080001bb   Thumb Code     0  startup_stm32l432xx.o(.text)
    QUADSPI_IRQHandler                       0x080001bb   Thumb Code     0  startup_stm32l432xx.o(.text)
    RCC_IRQHandler                           0x080001bb   Thumb Code     0  startup_stm32l432xx.o(.text)
    RNG_IRQHandler                           0x080001bb   Thumb Code     0  startup_stm32l432xx.o(.text)
    RTC_Alarm_IRQHandler                     0x080001bb   Thumb Code     0  startup_stm32l432xx.o(.text)
    RTC_WKUP_IRQHandler                      0x080001bb   Thumb Code     0  startup_stm32l432xx.o(.text)
    SAI1_IRQHandler                          0x080001bb   Thumb Code     0  startup_stm32l432xx.o(.text)
    SPI1_IRQHandler                          0x080001bb   Thumb Code     0  startup_stm32l432xx.o(.text)
    SPI3_IRQHandler                          0x080001bb   Thumb Code     0  startup_stm32l432xx.o(.text)
    SWPMI1_IRQHandler                        0x080001bb   Thumb Code     0  startup_stm32l432xx.o(.text)
    TAMP_STAMP_IRQHandler                    0x080001bb   Thumb Code     0  startup_stm32l432xx.o(.text)
    TIM1_BRK_TIM15_IRQHandler                0x080001bb   Thumb Code     0  startup_stm32l432xx.o(.text)
    TIM1_CC_IRQHandler                       0x080001bb   Thumb Code     0  startup_stm32l432xx.o(.text)
    TIM1_TRG_COM_IRQHandler                  0x080001bb   Thumb Code     0  startup_stm32l432xx.o(.text)
    TIM2_IRQHandler                          0x080001bb   Thumb Code     0  startup_stm32l432xx.o(.text)
    TSC_IRQHandler                           0x080001bb   Thumb Code     0  startup_stm32l432xx.o(.text)
    USB_IRQHandler                           0x080001bb   Thumb Code     0  startup_stm32l432xx.o(.text)
    WWDG_IRQHandler                          0x080001bb   Thumb Code     0  startup_stm32l432xx.o(.text)
    __aeabi_uldivmod                         0x080001c5   Thumb Code    98  uldiv.o(.text)
    __aeabi_memcpy                           0x0800022d   Thumb Code    36  memcpya.o(.text)
    __aeabi_memcpy4                          0x0800022d   Thumb Code     0  memcpya.o(.text)
    __aeabi_memcpy8                          0x0800022d   Thumb Code     0  memcpya.o(.text)
    strlen                                   0x08000251   Thumb Code    14  strlen.o(.text)
    strcmp                                   0x0800025f   Thumb Code    28  strcmp.o(.text)
    __0sscanf                                0x0800027d   Thumb Code    48  __0sscanf.o(.text)
    _scanf_int                               0x080002b5   Thumb Code   332  _scanf_int.o(.text)
    _scanf_string                            0x08000407   Thumb Code   224  _scanf_str.o(.text)
    _scanf_real                              0x08000615   Thumb Code     0  scanf_fp.o(.text)
    _scanf_really_real                       0x08000615   Thumb Code   556  scanf_fp.o(.text)
    __aeabi_dmul                             0x08000853   Thumb Code   228  dmul.o(.text)
    __aeabi_ui2d                             0x0800093d   Thumb Code    26  dfltui.o(.text)
    __aeabi_d2uiz                            0x08000957   Thumb Code    50  dfixui.o(.text)
    __aeabi_llsl                             0x08000989   Thumb Code    30  llshl.o(.text)
    _ll_shift_l                              0x08000989   Thumb Code     0  llshl.o(.text)
    __aeabi_llsr                             0x080009a7   Thumb Code    32  llushr.o(.text)
    _ll_ushift_r                             0x080009a7   Thumb Code     0  llushr.o(.text)
    _chval                                   0x080009c7   Thumb Code    28  _chval.o(.text)
    __vfscanf_char                           0x080009f1   Thumb Code    20  scanf_char.o(.text)
    _sgetc                                   0x08000a0d   Thumb Code    30  _sgetc.o(.text)
    _sbackspace                              0x08000a2b   Thumb Code    34  _sgetc.o(.text)
    __I$use$fp                               0x08000a4d   Thumb Code     0  iusefp.o(.text)
    _double_round                            0x08000a4d   Thumb Code    30  depilogue.o(.text)
    _double_epilogue                         0x08000a6b   Thumb Code   156  depilogue.o(.text)
    __aeabi_ddiv                             0x08000b07   Thumb Code   222  ddiv.o(.text)
    __aeabi_ul2d                             0x08000be5   Thumb Code    24  dfltul.o(.text)
    __aeabi_d2f                              0x08000bfd   Thumb Code    56  d2f.o(.text)
    __scatterload                            0x08000c35   Thumb Code    28  init.o(.text)
    __scatterload_rt2                        0x08000c35   Thumb Code     0  init.o(.text)
    isspace                                  0x08000c59   Thumb Code    10  isspace_c.o(.text)
    __vfscanf                                0x08000c65   Thumb Code   808  _scanf.o(.text)
    _float_round                             0x08000f97   Thumb Code    18  fepilogue.o(.text)
    _float_epilogue                          0x08000fa9   Thumb Code    92  fepilogue.o(.text)
    __ctype_lookup                           0x08001005   Thumb Code    34  ctype_c.o(.text)
    BusFault_Handler                         0x0800102d   Thumb Code     2  stm32l4xx_it.o(i.BusFault_Handler)
    DebugMon_Handler                         0x0800102f   Thumb Code     2  stm32l4xx_it.o(i.DebugMon_Handler)
    EXTI0_IRQHandler                         0x08001031   Thumb Code     6  stm32l4xx_it.o(i.EXTI0_IRQHandler)
    EXTI3_IRQHandler                         0x08001037   Thumb Code     6  stm32l4xx_it.o(i.EXTI3_IRQHandler)
    EXTI4_IRQHandler                         0x0800103d   Thumb Code     6  stm32l4xx_it.o(i.EXTI4_IRQHandler)
    EXTI9_5_IRQHandler                       0x08001043   Thumb Code     6  stm32l4xx_it.o(i.EXTI9_5_IRQHandler)
    FATFS_LinkDriver                         0x08001049   Thumb Code     6  ff_gen_drv.o(i.FATFS_LinkDriver)
    FATFS_LinkDriverEx                       0x08001051   Thumb Code    58  ff_gen_drv.o(i.FATFS_LinkDriverEx)
    HAL_DMA_Abort_IT                         0x08001091   Thumb Code    78  stm32l4xx_hal_dma.o(i.HAL_DMA_Abort_IT)
    HAL_Delay                                0x080010df   Thumb Code    28  stm32l4xx_hal.o(i.HAL_Delay)
    HAL_GPIO_EXTI_Callback                   0x080010fd   Thumb Code   476  main.o(i.HAL_GPIO_EXTI_Callback)
    HAL_GPIO_EXTI_IRQHandler                 0x080012ed   Thumb Code    18  stm32l4xx_hal_gpio.o(i.HAL_GPIO_EXTI_IRQHandler)
    HAL_GPIO_Init                            0x08001305   Thumb Code   376  stm32l4xx_hal_gpio.o(i.HAL_GPIO_Init)
    HAL_GPIO_WritePin                        0x08001497   Thumb Code    10  stm32l4xx_hal_gpio.o(i.HAL_GPIO_WritePin)
    HAL_GetTick                              0x080014a1   Thumb Code     6  stm32l4xx_hal.o(i.HAL_GetTick)
    HAL_IncTick                              0x080014ad   Thumb Code    10  stm32l4xx_hal.o(i.HAL_IncTick)
    HAL_Init                                 0x080014bd   Thumb Code    30  stm32l4xx_hal.o(i.HAL_Init)
    HAL_InitTick                             0x080014dd   Thumb Code    42  stm32l4xx_hal.o(i.HAL_InitTick)
    HAL_MspInit                              0x0800150d   Thumb Code   122  stm32l4xx_hal_msp.o(i.HAL_MspInit)
    HAL_NVIC_EnableIRQ                       0x0800158d   Thumb Code    22  stm32l4xx_hal_cortex.o(i.HAL_NVIC_EnableIRQ)
    HAL_NVIC_SetPriority                     0x080015a5   Thumb Code    60  stm32l4xx_hal_cortex.o(i.HAL_NVIC_SetPriority)
    HAL_NVIC_SetPriorityGrouping             0x080015e5   Thumb Code    26  stm32l4xx_hal_cortex.o(i.HAL_NVIC_SetPriorityGrouping)
    HAL_PWREx_ControlVoltageScaling          0x08001609   Thumb Code    90  stm32l4xx_hal_pwr_ex.o(i.HAL_PWREx_ControlVoltageScaling)
    HAL_PWREx_GetVoltageRange                0x08001671   Thumb Code    10  stm32l4xx_hal_pwr_ex.o(i.HAL_PWREx_GetVoltageRange)
    HAL_PWR_EnableBkUpAccess                 0x08001681   Thumb Code    12  stm32l4xx_hal_pwr.o(i.HAL_PWR_EnableBkUpAccess)
    HAL_RCCEx_EnableMSIPLLMode               0x08001691   Thumb Code    12  stm32l4xx_hal_rcc_ex.o(i.HAL_RCCEx_EnableMSIPLLMode)
    HAL_RCCEx_PeriphCLKConfig                0x080016a1   Thumb Code   634  stm32l4xx_hal_rcc_ex.o(i.HAL_RCCEx_PeriphCLKConfig)
    HAL_RCC_ClockConfig                      0x0800192d   Thumb Code   264  stm32l4xx_hal_rcc.o(i.HAL_RCC_ClockConfig)
    HAL_RCC_GetHCLKFreq                      0x08001a45   Thumb Code     6  stm32l4xx_hal_rcc.o(i.HAL_RCC_GetHCLKFreq)
    HAL_RCC_GetPCLK1Freq                     0x08001a51   Thumb Code    24  stm32l4xx_hal_rcc.o(i.HAL_RCC_GetPCLK1Freq)
    HAL_RCC_GetPCLK2Freq                     0x08001a75   Thumb Code    24  stm32l4xx_hal_rcc.o(i.HAL_RCC_GetPCLK2Freq)
    HAL_RCC_GetSysClockFreq                  0x08001a99   Thumb Code   152  stm32l4xx_hal_rcc.o(i.HAL_RCC_GetSysClockFreq)
    HAL_RCC_OscConfig                        0x08001b3d   Thumb Code  1202  stm32l4xx_hal_rcc.o(i.HAL_RCC_OscConfig)
    HAL_SPI_Init                             0x08001ff5   Thumb Code   172  stm32l4xx_hal_spi.o(i.HAL_SPI_Init)
    HAL_SPI_MspInit                          0x080020a1   Thumb Code   106  stm32l4xx_hal_msp.o(i.HAL_SPI_MspInit)
    HAL_SPI_Transmit                         0x0800211d   Thumb Code   382  stm32l4xx_hal_spi.o(i.HAL_SPI_Transmit)
    HAL_SPI_TransmitReceive                  0x080022a1   Thumb Code   610  stm32l4xx_hal_spi.o(i.HAL_SPI_TransmitReceive)
    HAL_SYSTICK_CLKSourceConfig              0x08002509   Thumb Code    24  stm32l4xx_hal_cortex.o(i.HAL_SYSTICK_CLKSourceConfig)
    HAL_SYSTICK_Callback                     0x08002521   Thumb Code     2  stm32l4xx_hal_cortex.o(i.HAL_SYSTICK_Callback)
    HAL_SYSTICK_Config                       0x08002523   Thumb Code    40  stm32l4xx_hal_cortex.o(i.HAL_SYSTICK_Config)
    HAL_SYSTICK_IRQHandler                   0x0800254b   Thumb Code     8  stm32l4xx_hal_cortex.o(i.HAL_SYSTICK_IRQHandler)
    HAL_TIMEx_Break2Callback                 0x08002553   Thumb Code     2  stm32l4xx_hal_tim_ex.o(i.HAL_TIMEx_Break2Callback)
    HAL_TIMEx_BreakCallback                  0x08002555   Thumb Code     2  stm32l4xx_hal_tim_ex.o(i.HAL_TIMEx_BreakCallback)
    HAL_TIMEx_CommutationCallback            0x08002557   Thumb Code     2  stm32l4xx_hal_tim_ex.o(i.HAL_TIMEx_CommutationCallback)
    HAL_TIMEx_MasterConfigSynchronization    0x08002559   Thumb Code    82  stm32l4xx_hal_tim_ex.o(i.HAL_TIMEx_MasterConfigSynchronization)
    HAL_TIM_Base_Init                        0x080025b1   Thumb Code    54  stm32l4xx_hal_tim.o(i.HAL_TIM_Base_Init)
    HAL_TIM_Base_MspInit                     0x080025e9   Thumb Code   122  stm32l4xx_hal_msp.o(i.HAL_TIM_Base_MspInit)
    HAL_TIM_Base_Start_IT                    0x08002675   Thumb Code    44  stm32l4xx_hal_tim.o(i.HAL_TIM_Base_Start_IT)
    HAL_TIM_IC_CaptureCallback               0x080026a5   Thumb Code     2  stm32l4xx_hal_tim.o(i.HAL_TIM_IC_CaptureCallback)
    HAL_TIM_IRQHandler                       0x080026a7   Thumb Code   388  stm32l4xx_hal_tim.o(i.HAL_TIM_IRQHandler)
    HAL_TIM_OC_DelayElapsedCallback          0x0800282b   Thumb Code     2  stm32l4xx_hal_tim.o(i.HAL_TIM_OC_DelayElapsedCallback)
    HAL_TIM_PWM_PulseFinishedCallback        0x0800282d   Thumb Code     2  stm32l4xx_hal_tim.o(i.HAL_TIM_PWM_PulseFinishedCallback)
    HAL_TIM_PeriodElapsedCallback            0x08002831   Thumb Code   276  main.o(i.HAL_TIM_PeriodElapsedCallback)
    HAL_TIM_TriggerCallback                  0x08002959   Thumb Code     2  stm32l4xx_hal_tim.o(i.HAL_TIM_TriggerCallback)
    HAL_UARTEx_WakeupCallback                0x0800295b   Thumb Code     2  stm32l4xx_hal_uart_ex.o(i.HAL_UARTEx_WakeupCallback)
    HAL_UART_ErrorCallback                   0x0800295d   Thumb Code     2  stm32l4xx_hal_uart.o(i.HAL_UART_ErrorCallback)
    HAL_UART_IRQHandler                      0x08002961   Thumb Code   320  stm32l4xx_hal_uart.o(i.HAL_UART_IRQHandler)
    HAL_UART_Init                            0x08002aa5   Thumb Code   106  stm32l4xx_hal_uart.o(i.HAL_UART_Init)
    HAL_UART_MspInit                         0x08002b11   Thumb Code   154  stm32l4xx_hal_msp.o(i.HAL_UART_MspInit)
    HAL_UART_Receive_IT                      0x08002bb9   Thumb Code   164  stm32l4xx_hal_uart.o(i.HAL_UART_Receive_IT)
    HAL_UART_RxCpltCallback                  0x08002c65   Thumb Code    36  main.o(i.HAL_UART_RxCpltCallback)
    HAL_UART_Transmit                        0x08002c95   Thumb Code   176  stm32l4xx_hal_uart.o(i.HAL_UART_Transmit)
    HAL_UART_TxCpltCallback                  0x08002d45   Thumb Code     2  stm32l4xx_hal_uart.o(i.HAL_UART_TxCpltCallback)
    HardFault_Handler                        0x08002d47   Thumb Code     2  stm32l4xx_it.o(i.HardFault_Handler)
    MX_FATFS_Init                            0x08002d49   Thumb Code    18  fatfs.o(i.MX_FATFS_Init)
    MemManage_Handler                        0x08002fe9   Thumb Code     2  stm32l4xx_it.o(i.MemManage_Handler)
    NMI_Handler                              0x08002feb   Thumb Code     2  stm32l4xx_it.o(i.NMI_Handler)
    PendSV_Handler                           0x0800300d   Thumb Code     2  stm32l4xx_it.o(i.PendSV_Handler)
    SD_PowerOn                               0x080031b9   Thumb Code    14  sd.o(i.SD_PowerOn)
    SD_Read_Block                            0x080031cd   Thumb Code    86  sd.o(i.SD_Read_Block)
    SD_Write_Block                           0x08003223   Thumb Code   100  sd.o(i.SD_Write_Block)
    SPI_ReceiveByte                          0x0800335f   Thumb Code     6  sd.o(i.SPI_ReceiveByte)
    SPI_Release                              0x08003365   Thumb Code     6  sd.o(i.SPI_Release)
    SPI_wait_ready                           0x08003495   Thumb Code    32  sd.o(i.SPI_wait_ready)
    SPIx_WriteRead                           0x080034b5   Thumb Code    46  sd.o(i.SPIx_WriteRead)
    SVC_Handler                              0x080034ed   Thumb Code     2  stm32l4xx_it.o(i.SVC_Handler)
    SysTick_Handler                          0x080034ef   Thumb Code    14  stm32l4xx_it.o(i.SysTick_Handler)
    SystemClock_Config                       0x080034fd   Thumb Code   162  main.o(i.SystemClock_Config)
    SystemInit                               0x080035a5   Thumb Code    56  system_stm32l4xx.o(i.SystemInit)
    TIM1_UP_TIM16_IRQHandler                 0x080035e9   Thumb Code     6  stm32l4xx_it.o(i.TIM1_UP_TIM16_IRQHandler)
    TIM6_DAC_IRQHandler                      0x080035f5   Thumb Code     6  stm32l4xx_it.o(i.TIM6_DAC_IRQHandler)
    TIM7_IRQHandler                          0x08003601   Thumb Code     6  stm32l4xx_it.o(i.TIM7_IRQHandler)
    TIM_Base_SetConfig                       0x0800360d   Thumb Code    94  stm32l4xx_hal_tim.o(i.TIM_Base_SetConfig)
    UART_AdvFeatureConfig                    0x08003679   Thumb Code   200  stm32l4xx_hal_uart.o(i.UART_AdvFeatureConfig)
    UART_CheckIdleState                      0x08003741   Thumb Code    92  stm32l4xx_hal_uart.o(i.UART_CheckIdleState)
    UART_SetConfig                           0x08003889   Thumb Code   526  stm32l4xx_hal_uart.o(i.UART_SetConfig)
    UART_WaitOnFlagUntilTimeout              0x08003abd   Thumb Code   100  stm32l4xx_hal_uart.o(i.UART_WaitOnFlagUntilTimeout)
    USART1_IRQHandler                        0x08003b21   Thumb Code     6  stm32l4xx_it.o(i.USART1_IRQHandler)
    USART2_IRQHandler                        0x08003b2d   Thumb Code     6  stm32l4xx_it.o(i.USART2_IRQHandler)
    USER_initialize                          0x08003b39   Thumb Code    40  user_diskio.o(i.USER_initialize)
    USER_ioctl                               0x08003b7d   Thumb Code   126  user_diskio.o(i.USER_ioctl)
    USER_read                                0x08003c25   Thumb Code   118  user_diskio.o(i.USER_read)
    USER_status                              0x08003cd5   Thumb Code    30  user_diskio.o(i.USER_status)
    USER_write                               0x08003d0d   Thumb Code   126  user_diskio.o(i.USER_write)
    UsageFault_Handler                       0x08003dbd   Thumb Code     2  stm32l4xx_it.o(i.UsageFault_Handler)
    __0sprintf$8                             0x08003dc1   Thumb Code    34  printf8.o(i.__0sprintf$8)
    __1sprintf$8                             0x08003dc1   Thumb Code     0  printf8.o(i.__0sprintf$8)
    __2sprintf                               0x08003dc1   Thumb Code     0  printf8.o(i.__0sprintf$8)
    __scatterload_copy                       0x08003de9   Thumb Code    14  handlers.o(i.__scatterload_copy)
    __scatterload_null                       0x08003df7   Thumb Code     2  handlers.o(i.__scatterload_null)
    __scatterload_zeroinit                   0x08003df9   Thumb Code    14  handlers.o(i.__scatterload_zeroinit)
    _is_digit                                0x08003e07   Thumb Code    14  scanf_fp.o(i._is_digit)
    disk_initialize                          0x08004b81   Thumb Code    36  diskio.o(i.disk_initialize)
    disk_ioctl                               0x08004ba9   Thumb Code    24  diskio.o(i.disk_ioctl)
    disk_read                                0x08004bc5   Thumb Code    24  diskio.o(i.disk_read)
    disk_status                              0x08004be1   Thumb Code    18  diskio.o(i.disk_status)
    disk_write                               0x08004bf9   Thumb Code    24  diskio.o(i.disk_write)
    f_close                                  0x08004c15   Thumb Code    40  ff.o(i.f_close)
    f_mount                                  0x08004c3d   Thumb Code    84  ff.o(i.f_mount)
    f_open                                   0x08004c95   Thumb Code   534  ff.o(i.f_open)
    f_sync                                   0x08004eb1   Thumb Code   142  ff.o(i.f_sync)
    f_write                                  0x08004f3f   Thumb Code   434  ff.o(i.f_write)
    ff_convert                               0x080050f9   Thumb Code    52  ccsbcs_1.o(i.ff_convert)
    ff_wtoupper                              0x08005131   Thumb Code   120  ccsbcs_1.o(i.ff_wtoupper)
    get_fattime                              0x08005625   Thumb Code     4  fatfs.o(i.get_fattime)
    gps_init                                 0x08005665   Thumb Code   128  gps.o(i.gps_init)
    gps_process_gpgga                        0x080056ed   Thumb Code   128  gps.o(i.gps_process_gpgga)
    gps_process_gpgsa                        0x08005775   Thumb Code   176  gps.o(i.gps_process_gpgsa)
    gps_process_gprmc                        0x08005829   Thumb Code   278  gps.o(i.gps_process_gprmc)
    gps_process_gpvtg                        0x0800594d   Thumb Code    96  gps.o(i.gps_process_gpvtg)
    gps_process_line                         0x080059b1   Thumb Code   104  gps.o(i.gps_process_line)
    gps_read_field                           0x08005a39   Thumb Code    74  gps.o(i.gps_read_field)
    gps_recv_char                            0x08005a83   Thumb Code    70  gps.o(i.gps_recv_char)
    konwert_liczb                            0x08005b49   Thumb Code   410  funkcje_wlasne.o(i.konwert_liczb)
    licz_odleglosc                           0x08005d31   Thumb Code    54  funkcje_wlasne.o(i.licz_odleglosc)
    licz_puls                                0x08005d75   Thumb Code    44  funkcje_wlasne.o(i.licz_puls)
    licz_sr_puls                             0x08005da9   Thumb Code    58  funkcje_wlasne.o(i.licz_sr_puls)
    main                                     0x08005de9   Thumb Code  1362  main.o(i.main)
    oled_akt_il_sat                          0x08006399   Thumb Code    62  funkcje_wlasne.o(i.oled_akt_il_sat)
    oled_akt_puls                            0x080063e9   Thumb Code    62  funkcje_wlasne.o(i.oled_akt_puls)
    oled_czas                                0x08006435   Thumb Code   142  funkcje_wlasne.o(i.oled_czas)
    oled_ekr_glowny                          0x080064d1   Thumb Code   266  funkcje_wlasne.o(i.oled_ekr_glowny)
    oled_end                                 0x08006615   Thumb Code   182  funkcje_wlasne.o(i.oled_end)
    oled_header                              0x0800675d   Thumb Code   304  funkcje_wlasne.o(i.oled_header)
    oled_koniec                              0x080068ad   Thumb Code   232  funkcje_wlasne.o(i.oled_koniec)
    oled_start                               0x080069e1   Thumb Code   138  funkcje_wlasne.o(i.oled_start)
    sd_ini                                   0x08006c45   Thumb Code   434  sd.o(i.sd_ini)
    ssd1331_clear_screen                     0x08006e4b   Thumb Code    36  ssd1331.o(i.ssd1331_clear_screen)
    ssd1331_display_char                     0x08006e71   Thumb Code   146  ssd1331.o(i.ssd1331_display_char)
    ssd1331_display_num                      0x08006f13   Thumb Code   144  ssd1331.o(i.ssd1331_display_num)
    ssd1331_display_string                   0x08006fa9   Thumb Code    92  ssd1331.o(i.ssd1331_display_string)
    ssd1331_draw_circle                      0x0800700b   Thumb Code   144  ssd1331.o(i.ssd1331_draw_circle)
    ssd1331_draw_point                       0x080070a1   Thumb Code    86  ssd1331.o(i.ssd1331_draw_point)
    ssd1331_fill_rect                        0x080070f9   Thumb Code    74  ssd1331.o(i.ssd1331_fill_rect)
    ssd1331_init                             0x08007149   Thumb Code   338  ssd1331.o(i.ssd1331_init)
    c_chFont1206                             0x08007454   Data        1140  fonts.o(.constdata)
    c_chFont1608                             0x080078c8   Data        1520  fonts.o(.constdata)
    AHBPrescTable                            0x08007eb8   Data          16  system_stm32l4xx.o(.constdata)
    MSIRangeTable                            0x08007ec8   Data          48  system_stm32l4xx.o(.constdata)
    APBPrescTable                            0x08007ef8   Data           8  system_stm32l4xx.o(.constdata)
    __ctype_categories                       0x08008358   Data          64  ctype_c.o(.constdata)
    Region$$Table$$Base                      0x08008398   Number         0  anon$$obj.o(Region$$Table)
    Region$$Table$$Limit                     0x080083b8   Number         0  anon$$obj.o(Region$$Table)
    sdinfo                                   0x20000000   Data           1  sd.o(.data)
    licznik_suma_pulsu                       0x20000004   Data           2  funkcje_wlasne.o(.data)
    sredni_puls_za_trip                      0x20000006   Data           2  funkcje_wlasne.o(.data)
    odlegloscui                              0x20000008   Data           2  funkcje_wlasne.o(.data)
    odlegloscdo                              0x2000000a   Data           2  funkcje_wlasne.o(.data)
    temp_puls                                0x2000000c   Data           2  funkcje_wlasne.o(.data)
    temp_predkosc                            0x2000000e   Data           2  funkcje_wlasne.o(.data)
    flagakk                                  0x20000010   Data           2  funkcje_wlasne.o(.data)
    suma_pulsu                               0x20000014   Data           4  funkcje_wlasne.o(.data)
    flaga_puls                               0x20000018   Data           1  main.o(.data)
    flaga_koniec_ekr_start                   0x20000019   Data           1  main.o(.data)
    przycisk1                                0x2000001a   Data           1  main.o(.data)
    przycisk2                                0x2000001b   Data           1  main.o(.data)
    przycisk3                                0x2000001c   Data           1  main.o(.data)
    flaga_konca                              0x2000001d   Data           1  main.o(.data)
    flaga_zapisu                             0x2000001e   Data           1  main.o(.data)
    flaga_temp                               0x2000001f   Data           1  main.o(.data)
    liczba_jed                               0x20000020   Data           1  main.o(.data)
    liczba_dzies                             0x20000021   Data           1  main.o(.data)
    liczba_setek                             0x20000022   Data           1  main.o(.data)
    res                                      0x20000023   Data           1  main.o(.data)
    recv_char                                0x20000024   Data           1  main.o(.data)
    Timer1                                   0x20000026   Data           2  main.o(.data)
    licznik1                                 0x20000028   Data           2  main.o(.data)
    licznik2                                 0x2000002a   Data           2  main.o(.data)
    aktualny_puls                            0x2000002c   Data           2  main.o(.data)
    puls_poprzedni                           0x2000002e   Data           2  main.o(.data)
    puls_koncowy                             0x20000030   Data           2  main.o(.data)
    puls_stary                               0x20000032   Data           2  main.o(.data)
    puls_sredni_trip                         0x20000034   Data           2  main.o(.data)
    puls_max                                 0x20000036   Data           2  main.o(.data)
    przebyty_dystans                         0x20000038   Data           2  main.o(.data)
    predkosc_max                             0x2000003a   Data           2  main.o(.data)
    czas_ms                                  0x2000003c   Data           2  main.o(.data)
    czas_s                                   0x2000003e   Data           2  main.o(.data)
    czas_min                                 0x20000040   Data           2  main.o(.data)
    flaga_stoper                             0x20000042   Data           2  main.o(.data)
    ilosc_satelit                            0x20000044   Data           2  main.o(.data)
    byteswritten                             0x20000048   Data           4  main.o(.data)
    USER_Path                                0x2000004c   Data           4  main.o(.data)
    wtext                                    0x20000050   Data         100  main.o(.data)
    USER_Driver                              0x200000b8   Data          20  user_diskio.o(.data)
    retUSER                                  0x200000cc   Data           1  fatfs.o(.data)
    USERPath                                 0x200000cd   Data           4  fatfs.o(.data)
    uwTick                                   0x200000d4   Data           4  stm32l4xx_hal.o(.data)
    SystemCoreClock                          0x200000d8   Data           4  system_stm32l4xx.o(.data)
    str1                                     0x200000e4   Data          60  sd.o(.bss)
    hspi1                                    0x20000120   Data         100  main.o(.bss)
    hspi3                                    0x20000184   Data         100  main.o(.bss)
    htim6                                    0x200001e8   Data          64  main.o(.bss)
    htim7                                    0x20000228   Data          64  main.o(.bss)
    htim16                                   0x20000268   Data          64  main.o(.bss)
    huart1                                   0x200002a8   Data         120  main.o(.bss)
    huart2                                   0x20000320   Data         120  main.o(.bss)
    SDFatFs                                  0x20000398   Data        4152  main.o(.bss)
    MyFile                                   0x200013d0   Data        4144  main.o(.bss)
    gps_handle                               0x20002400   Data         232  main.o(.bss)
    disk                                     0x20002708   Data          12  ff_gen_drv.o(.bss)
    __initial_sp                             0x20002b18   Data           0  startup_stm32l432xx.o(STACK)



==============================================================================

Memory Map of the image

  Image Entry point : 0x0800018d

  Load Region LR_IROM1 (Base: 0x08000000, Size: 0x0000849c, Max: 0x00040000, ABSOLUTE)

    Execution Region ER_IROM1 (Exec base: 0x08000000, Load base: 0x08000000, Size: 0x000083b8, Max: 0x00040000, ABSOLUTE)

    Exec Addr    Load Addr    Size         Type   Attr      Idx    E Section Name        Object

    0x08000000   0x08000000   0x0000018c   Data   RO            3    RESET               startup_stm32l432xx.o
    0x0800018c   0x0800018c   0x00000000   Code   RO         4996  * .ARM.Collect$$$$00000000  mc_w.l(entry.o)
    0x0800018c   0x0800018c   0x00000004   Code   RO         5286    .ARM.Collect$$$$00000001  mc_w.l(entry2.o)
    0x08000190   0x08000190   0x00000004   Code   RO         5289    .ARM.Collect$$$$00000004  mc_w.l(entry5.o)
    0x08000194   0x08000194   0x00000000   Code   RO         5291    .ARM.Collect$$$$00000008  mc_w.l(entry7b.o)
    0x08000194   0x08000194   0x00000000   Code   RO         5293    .ARM.Collect$$$$0000000A  mc_w.l(entry8b.o)
    0x08000194   0x08000194   0x00000008   Code   RO         5294    .ARM.Collect$$$$0000000B  mc_w.l(entry9a.o)
    0x0800019c   0x0800019c   0x00000000   Code   RO         5296    .ARM.Collect$$$$0000000D  mc_w.l(entry10a.o)
    0x0800019c   0x0800019c   0x00000000   Code   RO         5298    .ARM.Collect$$$$0000000F  mc_w.l(entry11a.o)
    0x0800019c   0x0800019c   0x00000004   Code   RO         5287    .ARM.Collect$$$$00002712  mc_w.l(entry2.o)
    0x080001a0   0x080001a0   0x00000024   Code   RO            4    .text               startup_stm32l432xx.o
    0x080001c4   0x080001c4   0x00000068   Code   RO         4999    .text               mc_w.l(uldiv.o)
    0x0800022c   0x0800022c   0x00000024   Code   RO         5001    .text               mc_w.l(memcpya.o)
    0x08000250   0x08000250   0x0000000e   Code   RO         5003    .text               mc_w.l(strlen.o)
    0x0800025e   0x0800025e   0x0000001c   Code   RO         5005    .text               mc_w.l(strcmp.o)
    0x0800027a   0x0800027a   0x00000002   PAD
    0x0800027c   0x0800027c   0x00000038   Code   RO         5270    .text               mc_w.l(__0sscanf.o)
    0x080002b4   0x080002b4   0x00000152   Code   RO         5272    .text               mc_w.l(_scanf_int.o)
    0x08000406   0x08000406   0x000000e6   Code   RO         5274    .text               mc_w.l(_scanf_str.o)
    0x080004ec   0x080004ec   0x00000366   Code   RO         5276    .text               mc_w.l(scanf_fp.o)
    0x08000852   0x08000852   0x000000ea   Code   RO         5280    .text               mf_w.l(dmul.o)
    0x0800093c   0x0800093c   0x0000001a   Code   RO         5282    .text               mf_w.l(dfltui.o)
    0x08000956   0x08000956   0x00000032   Code   RO         5284    .text               mf_w.l(dfixui.o)
    0x08000988   0x08000988   0x0000001e   Code   RO         5305    .text               mc_w.l(llshl.o)
    0x080009a6   0x080009a6   0x00000020   Code   RO         5307    .text               mc_w.l(llushr.o)
    0x080009c6   0x080009c6   0x0000001c   Code   RO         5309    .text               mc_w.l(_chval.o)
    0x080009e2   0x080009e2   0x00000002   PAD
    0x080009e4   0x080009e4   0x00000028   Code   RO         5311    .text               mc_w.l(scanf_char.o)
    0x08000a0c   0x08000a0c   0x00000040   Code   RO         5313    .text               mc_w.l(_sgetc.o)
    0x08000a4c   0x08000a4c   0x00000000   Code   RO         5315    .text               mc_w.l(iusefp.o)
    0x08000a4c   0x08000a4c   0x000000ba   Code   RO         5316    .text               mf_w.l(depilogue.o)
    0x08000b06   0x08000b06   0x000000de   Code   RO         5320    .text               mf_w.l(ddiv.o)
    0x08000be4   0x08000be4   0x00000018   Code   RO         5322    .text               mf_w.l(dfltul.o)
    0x08000bfc   0x08000bfc   0x00000038   Code   RO         5328    .text               mf_w.l(d2f.o)
    0x08000c34   0x08000c34   0x00000024   Code   RO         5330    .text               mc_w.l(init.o)
    0x08000c58   0x08000c58   0x0000000a   Code   RO         5335    .text               mc_w.l(isspace_c.o)
    0x08000c62   0x08000c62   0x00000002   PAD
    0x08000c64   0x08000c64   0x00000332   Code   RO         5337    .text               mc_w.l(_scanf.o)
    0x08000f96   0x08000f96   0x0000006e   Code   RO         5340    .text               mf_w.l(fepilogue.o)
    0x08001004   0x08001004   0x00000028   Code   RO         5342    .text               mc_w.l(ctype_c.o)
    0x0800102c   0x0800102c   0x00000002   Code   RO          777    i.BusFault_Handler  stm32l4xx_it.o
    0x0800102e   0x0800102e   0x00000002   Code   RO          778    i.DebugMon_Handler  stm32l4xx_it.o
    0x08001030   0x08001030   0x00000006   Code   RO          779    i.EXTI0_IRQHandler  stm32l4xx_it.o
    0x08001036   0x08001036   0x00000006   Code   RO          780    i.EXTI3_IRQHandler  stm32l4xx_it.o
    0x0800103c   0x0800103c   0x00000006   Code   RO          781    i.EXTI4_IRQHandler  stm32l4xx_it.o
    0x08001042   0x08001042   0x00000006   Code   RO          782    i.EXTI9_5_IRQHandler  stm32l4xx_it.o
    0x08001048   0x08001048   0x00000006   Code   RO         4949    i.FATFS_LinkDriver  ff_gen_drv.o
    0x0800104e   0x0800104e   0x00000002   PAD
    0x08001050   0x08001050   0x00000040   Code   RO         4950    i.FATFS_LinkDriverEx  ff_gen_drv.o
    0x08001090   0x08001090   0x0000004e   Code   RO         3885    i.HAL_DMA_Abort_IT  stm32l4xx_hal_dma.o
    0x080010de   0x080010de   0x0000001c   Code   RO         2645    i.HAL_Delay         stm32l4xx_hal.o
    0x080010fa   0x080010fa   0x00000002   PAD
    0x080010fc   0x080010fc   0x000001f0   Code   RO          546    i.HAL_GPIO_EXTI_Callback  main.o
    0x080012ec   0x080012ec   0x00000018   Code   RO         3819    i.HAL_GPIO_EXTI_IRQHandler  stm32l4xx_hal_gpio.o
    0x08001304   0x08001304   0x00000192   Code   RO         3820    i.HAL_GPIO_Init     stm32l4xx_hal_gpio.o
    0x08001496   0x08001496   0x0000000a   Code   RO         3824    i.HAL_GPIO_WritePin  stm32l4xx_hal_gpio.o
    0x080014a0   0x080014a0   0x0000000c   Code   RO         2649    i.HAL_GetTick       stm32l4xx_hal.o
    0x080014ac   0x080014ac   0x00000010   Code   RO         2653    i.HAL_IncTick       stm32l4xx_hal.o
    0x080014bc   0x080014bc   0x0000001e   Code   RO         2654    i.HAL_Init          stm32l4xx_hal.o
    0x080014da   0x080014da   0x00000002   PAD
    0x080014dc   0x080014dc   0x00000030   Code   RO         2655    i.HAL_InitTick      stm32l4xx_hal.o
    0x0800150c   0x0800150c   0x00000080   Code   RO          907    i.HAL_MspInit       stm32l4xx_hal_msp.o
    0x0800158c   0x0800158c   0x00000016   Code   RO         4313    i.HAL_NVIC_EnableIRQ  stm32l4xx_hal_cortex.o
    0x080015a2   0x080015a2   0x00000002   PAD
    0x080015a4   0x080015a4   0x00000040   Code   RO         4319    i.HAL_NVIC_SetPriority  stm32l4xx_hal_cortex.o
    0x080015e4   0x080015e4   0x00000024   Code   RO         4320    i.HAL_NVIC_SetPriorityGrouping  stm32l4xx_hal_cortex.o
    0x08001608   0x08001608   0x00000068   Code   RO         4111    i.HAL_PWREx_ControlVoltageScaling  stm32l4xx_hal_pwr_ex.o
    0x08001670   0x08001670   0x00000010   Code   RO         4136    i.HAL_PWREx_GetVoltageRange  stm32l4xx_hal_pwr_ex.o
    0x08001680   0x08001680   0x00000010   Code   RO         4003    i.HAL_PWR_EnableBkUpAccess  stm32l4xx_hal_pwr.o
    0x08001690   0x08001690   0x00000010   Code   RO         3452    i.HAL_RCCEx_EnableMSIPLLMode  stm32l4xx_hal_rcc_ex.o
    0x080016a0   0x080016a0   0x0000028a   Code   RO         3458    i.HAL_RCCEx_PeriphCLKConfig  stm32l4xx_hal_rcc_ex.o
    0x0800192a   0x0800192a   0x00000002   PAD
    0x0800192c   0x0800192c   0x00000118   Code   RO         3336    i.HAL_RCC_ClockConfig  stm32l4xx_hal_rcc.o
    0x08001a44   0x08001a44   0x0000000c   Code   RO         3340    i.HAL_RCC_GetHCLKFreq  stm32l4xx_hal_rcc.o
    0x08001a50   0x08001a50   0x00000024   Code   RO         3342    i.HAL_RCC_GetPCLK1Freq  stm32l4xx_hal_rcc.o
    0x08001a74   0x08001a74   0x00000024   Code   RO         3343    i.HAL_RCC_GetPCLK2Freq  stm32l4xx_hal_rcc.o
    0x08001a98   0x08001a98   0x000000a4   Code   RO         3344    i.HAL_RCC_GetSysClockFreq  stm32l4xx_hal_rcc.o
    0x08001b3c   0x08001b3c   0x000004b8   Code   RO         3347    i.HAL_RCC_OscConfig  stm32l4xx_hal_rcc.o
    0x08001ff4   0x08001ff4   0x000000ac   Code   RO          978    i.HAL_SPI_Init      stm32l4xx_hal_spi.o
    0x080020a0   0x080020a0   0x0000007c   Code   RO          909    i.HAL_SPI_MspInit   stm32l4xx_hal_msp.o
    0x0800211c   0x0800211c   0x00000184   Code   RO          986    i.HAL_SPI_Transmit  stm32l4xx_hal_spi.o
    0x080022a0   0x080022a0   0x00000268   Code   RO          987    i.HAL_SPI_TransmitReceive  stm32l4xx_hal_spi.o
    0x08002508   0x08002508   0x00000018   Code   RO         4322    i.HAL_SYSTICK_CLKSourceConfig  stm32l4xx_hal_cortex.o
    0x08002520   0x08002520   0x00000002   Code   RO         4323    i.HAL_SYSTICK_Callback  stm32l4xx_hal_cortex.o
    0x08002522   0x08002522   0x00000028   Code   RO         4324    i.HAL_SYSTICK_Config  stm32l4xx_hal_cortex.o
    0x0800254a   0x0800254a   0x00000008   Code   RO         4325    i.HAL_SYSTICK_IRQHandler  stm32l4xx_hal_cortex.o
    0x08002552   0x08002552   0x00000002   Code   RO         1959    i.HAL_TIMEx_Break2Callback  stm32l4xx_hal_tim_ex.o
    0x08002554   0x08002554   0x00000002   Code   RO         1960    i.HAL_TIMEx_BreakCallback  stm32l4xx_hal_tim_ex.o
    0x08002556   0x08002556   0x00000002   Code   RO         1961    i.HAL_TIMEx_CommutationCallback  stm32l4xx_hal_tim_ex.o
    0x08002558   0x08002558   0x00000058   Code   RO         1979    i.HAL_TIMEx_MasterConfigSynchronization  stm32l4xx_hal_tim_ex.o
    0x080025b0   0x080025b0   0x00000036   Code   RO         1320    i.HAL_TIM_Base_Init  stm32l4xx_hal_tim.o
    0x080025e6   0x080025e6   0x00000002   PAD
    0x080025e8   0x080025e8   0x0000008c   Code   RO          911    i.HAL_TIM_Base_MspInit  stm32l4xx_hal_msp.o
    0x08002674   0x08002674   0x00000030   Code   RO         1325    i.HAL_TIM_Base_Start_IT  stm32l4xx_hal_tim.o
    0x080026a4   0x080026a4   0x00000002   Code   RO         1349    i.HAL_TIM_IC_CaptureCallback  stm32l4xx_hal_tim.o
    0x080026a6   0x080026a6   0x00000184   Code   RO         1362    i.HAL_TIM_IRQHandler  stm32l4xx_hal_tim.o
    0x0800282a   0x0800282a   0x00000002   Code   RO         1365    i.HAL_TIM_OC_DelayElapsedCallback  stm32l4xx_hal_tim.o
    0x0800282c   0x0800282c   0x00000002   Code   RO         1392    i.HAL_TIM_PWM_PulseFinishedCallback  stm32l4xx_hal_tim.o
    0x0800282e   0x0800282e   0x00000002   PAD
    0x08002830   0x08002830   0x00000128   Code   RO          547    i.HAL_TIM_PeriodElapsedCallback  main.o
    0x08002958   0x08002958   0x00000002   Code   RO         1403    i.HAL_TIM_TriggerCallback  stm32l4xx_hal_tim.o
    0x0800295a   0x0800295a   0x00000002   Code   RO         2579    i.HAL_UARTEx_WakeupCallback  stm32l4xx_hal_uart_ex.o
    0x0800295c   0x0800295c   0x00000002   Code   RO         2238    i.HAL_UART_ErrorCallback  stm32l4xx_hal_uart.o
    0x0800295e   0x0800295e   0x00000002   PAD
    0x08002960   0x08002960   0x00000144   Code   RO         2241    i.HAL_UART_IRQHandler  stm32l4xx_hal_uart.o
    0x08002aa4   0x08002aa4   0x0000006a   Code   RO         2242    i.HAL_UART_Init     stm32l4xx_hal_uart.o
    0x08002b0e   0x08002b0e   0x00000002   PAD
    0x08002b10   0x08002b10   0x000000a8   Code   RO          913    i.HAL_UART_MspInit  stm32l4xx_hal_msp.o
    0x08002bb8   0x08002bb8   0x000000ac   Code   RO         2247    i.HAL_UART_Receive_IT  stm32l4xx_hal_uart.o
    0x08002c64   0x08002c64   0x00000030   Code   RO          548    i.HAL_UART_RxCpltCallback  main.o
    0x08002c94   0x08002c94   0x000000b0   Code   RO         2250    i.HAL_UART_Transmit  stm32l4xx_hal_uart.o
    0x08002d44   0x08002d44   0x00000002   Code   RO         2253    i.HAL_UART_TxCpltCallback  stm32l4xx_hal_uart.o
    0x08002d46   0x08002d46   0x00000002   Code   RO          783    i.HardFault_Handler  stm32l4xx_it.o
    0x08002d48   0x08002d48   0x0000001c   Code   RO          739    i.MX_FATFS_Init     fatfs.o
    0x08002d64   0x08002d64   0x00000104   Code   RO          549    i.MX_GPIO_Init      main.o
    0x08002e68   0x08002e68   0x0000004c   Code   RO          550    i.MX_SPI1_Init      main.o
    0x08002eb4   0x08002eb4   0x00000048   Code   RO          551    i.MX_SPI3_Init      main.o
    0x08002efc   0x08002efc   0x00000040   Code   RO          552    i.MX_TIM6_Init      main.o
    0x08002f3c   0x08002f3c   0x0000003c   Code   RO          553    i.MX_TIM7_Init      main.o
    0x08002f78   0x08002f78   0x00000038   Code   RO          554    i.MX_USART1_UART_Init  main.o
    0x08002fb0   0x08002fb0   0x00000038   Code   RO          555    i.MX_USART2_UART_Init  main.o
    0x08002fe8   0x08002fe8   0x00000002   Code   RO          784    i.MemManage_Handler  stm32l4xx_it.o
    0x08002fea   0x08002fea   0x00000002   Code   RO          785    i.NMI_Handler       stm32l4xx_it.o
    0x08002fec   0x08002fec   0x00000020   Code   RO         4326    i.NVIC_SetPriority  stm32l4xx_hal_cortex.o
    0x0800300c   0x0800300c   0x00000002   Code   RO          786    i.PendSV_Handler    stm32l4xx_it.o
    0x0800300e   0x0800300e   0x00000002   PAD
    0x08003010   0x08003010   0x0000012c   Code   RO         3462    i.RCCEx_PLLSAI1_Config  stm32l4xx_hal_rcc_ex.o
    0x0800313c   0x0800313c   0x0000007c   Code   RO         3348    i.RCC_SetFlashLatencyFromMSIRange  stm32l4xx_hal_rcc.o
    0x080031b8   0x080031b8   0x00000014   Code   RO           13    i.SD_PowerOn        sd.o
    0x080031cc   0x080031cc   0x00000056   Code   RO           14    i.SD_Read_Block     sd.o
    0x08003222   0x08003222   0x00000064   Code   RO           15    i.SD_Write_Block    sd.o
    0x08003286   0x08003286   0x00000090   Code   RO           16    i.SD_cmd            sd.o
    0x08003316   0x08003316   0x00000048   Code   RO         1016    i.SPI_EndRxTxTransaction  stm32l4xx_hal_spi.o
    0x0800335e   0x0800335e   0x00000006   Code   RO           17    i.SPI_ReceiveByte   sd.o
    0x08003364   0x08003364   0x00000006   Code   RO           18    i.SPI_Release       sd.o
    0x0800336a   0x0800336a   0x00000096   Code   RO         1021    i.SPI_WaitFifoStateUntilTimeout  stm32l4xx_hal_spi.o
    0x08003400   0x08003400   0x00000094   Code   RO         1022    i.SPI_WaitFlagStateUntilTimeout  stm32l4xx_hal_spi.o
    0x08003494   0x08003494   0x00000020   Code   RO           20    i.SPI_wait_ready    sd.o
    0x080034b4   0x080034b4   0x00000038   Code   RO           21    i.SPIx_WriteRead    sd.o
    0x080034ec   0x080034ec   0x00000002   Code   RO          787    i.SVC_Handler       stm32l4xx_it.o
    0x080034ee   0x080034ee   0x0000000e   Code   RO          788    i.SysTick_Handler   stm32l4xx_it.o
    0x080034fc   0x080034fc   0x000000a8   Code   RO          556    i.SystemClock_Config  main.o
    0x080035a4   0x080035a4   0x00000044   Code   RO         4444    i.SystemInit        system_stm32l4xx.o
    0x080035e8   0x080035e8   0x0000000c   Code   RO          789    i.TIM1_UP_TIM16_IRQHandler  stm32l4xx_it.o
    0x080035f4   0x080035f4   0x0000000c   Code   RO          790    i.TIM6_DAC_IRQHandler  stm32l4xx_it.o
    0x08003600   0x08003600   0x0000000c   Code   RO          791    i.TIM7_IRQHandler   stm32l4xx_it.o
    0x0800360c   0x0800360c   0x0000006c   Code   RO         1404    i.TIM_Base_SetConfig  stm32l4xx_hal_tim.o
    0x08003678   0x08003678   0x000000c8   Code   RO         2255    i.UART_AdvFeatureConfig  stm32l4xx_hal_uart.o
    0x08003740   0x08003740   0x0000005c   Code   RO         2256    i.UART_CheckIdleState  stm32l4xx_hal_uart.o
    0x0800379c   0x0800379c   0x00000014   Code   RO         2257    i.UART_DMAAbortOnError  stm32l4xx_hal_uart.o
    0x080037b0   0x080037b0   0x00000020   Code   RO         2267    i.UART_EndRxTransfer  stm32l4xx_hal_uart.o
    0x080037d0   0x080037d0   0x0000005c   Code   RO         2269    i.UART_RxISR_16BIT  stm32l4xx_hal_uart.o
    0x0800382c   0x0800382c   0x0000005a   Code   RO         2270    i.UART_RxISR_8BIT   stm32l4xx_hal_uart.o
    0x08003886   0x08003886   0x00000002   PAD
    0x08003888   0x08003888   0x00000234   Code   RO         2271    i.UART_SetConfig    stm32l4xx_hal_uart.o
    0x08003abc   0x08003abc   0x00000064   Code   RO         2274    i.UART_WaitOnFlagUntilTimeout  stm32l4xx_hal_uart.o
    0x08003b20   0x08003b20   0x0000000c   Code   RO          792    i.USART1_IRQHandler  stm32l4xx_it.o
    0x08003b2c   0x08003b2c   0x0000000c   Code   RO          793    i.USART2_IRQHandler  stm32l4xx_it.o
    0x08003b38   0x08003b38   0x00000044   Code   RO          677    i.USER_initialize   user_diskio.o
    0x08003b7c   0x08003b7c   0x000000a8   Code   RO          678    i.USER_ioctl        user_diskio.o
    0x08003c24   0x08003c24   0x000000b0   Code   RO          679    i.USER_read         user_diskio.o
    0x08003cd4   0x08003cd4   0x00000038   Code   RO          680    i.USER_status       user_diskio.o
    0x08003d0c   0x08003d0c   0x000000b0   Code   RO          681    i.USER_write        user_diskio.o
    0x08003dbc   0x08003dbc   0x00000002   Code   RO          794    i.UsageFault_Handler  stm32l4xx_it.o
    0x08003dbe   0x08003dbe   0x00000002   PAD
    0x08003dc0   0x08003dc0   0x00000028   Code   RO         5218    i.__0sprintf$8      mc_w.l(printf8.o)
    0x08003de8   0x08003de8   0x0000000e   Code   RO         5347    i.__scatterload_copy  mc_w.l(handlers.o)
    0x08003df6   0x08003df6   0x00000002   Code   RO         5348    i.__scatterload_null  mc_w.l(handlers.o)
    0x08003df8   0x08003df8   0x0000000e   Code   RO         5349    i.__scatterload_zeroinit  mc_w.l(handlers.o)
    0x08003e06   0x08003e06   0x0000000e   Code   RO         5278    i._is_digit         mc_w.l(scanf_fp.o)
    0x08003e14   0x08003e14   0x00000416   Code   RO         5223    i._printf_core      mc_w.l(printf8.o)
    0x0800422a   0x0800422a   0x00000024   Code   RO         5224    i._printf_post_padding  mc_w.l(printf8.o)
    0x0800424e   0x0800424e   0x0000002e   Code   RO         5225    i._printf_pre_padding  mc_w.l(printf8.o)
    0x0800427c   0x0800427c   0x0000000a   Code   RO         5227    i._sputc            mc_w.l(printf8.o)
    0x08004286   0x08004286   0x00000002   PAD
    0x08004288   0x08004288   0x00000070   Code   RO         4592    i.check_fs          ff.o
    0x080042f8   0x080042f8   0x00000010   Code   RO         4593    i.chk_chr           ff.o
    0x08004308   0x08004308   0x0000005c   Code   RO         4594    i.chk_lock          ff.o
    0x08004364   0x08004364   0x00000020   Code   RO         4595    i.clear_lock        ff.o
    0x08004384   0x08004384   0x00000026   Code   RO         4596    i.clmt_clust        ff.o
    0x080043aa   0x080043aa   0x00000018   Code   RO         4597    i.clust2sect        ff.o
    0x080043c2   0x080043c2   0x00000002   PAD
    0x080043c4   0x080043c4   0x00000086   Code   RO         4598    i.cmp_lfn           ff.o
    0x0800444a   0x0800444a   0x000000a4   Code   RO         4599    i.create_chain      ff.o
    0x080044ee   0x080044ee   0x00000002   PAD
    0x080044f0   0x080044f0   0x0000020e   Code   RO         4600    i.create_name       ff.o
    0x080046fe   0x080046fe   0x00000002   PAD
    0x08004700   0x08004700   0x00000034   Code   RO         4601    i.dec_lock          ff.o
    0x08004734   0x08004734   0x000000d0   Code   RO         4602    i.dir_find          ff.o
    0x08004804   0x08004804   0x00000102   Code   RO         4603    i.dir_next          ff.o
    0x08004906   0x08004906   0x00000002   PAD
    0x08004908   0x08004908   0x000001ea   Code   RO         4605    i.dir_register      ff.o
    0x08004af2   0x08004af2   0x0000008e   Code   RO         4607    i.dir_sdi           ff.o
    0x08004b80   0x08004b80   0x00000028   Code   RO         4537    i.disk_initialize   diskio.o
    0x08004ba8   0x08004ba8   0x0000001c   Code   RO         4538    i.disk_ioctl        diskio.o
    0x08004bc4   0x08004bc4   0x0000001c   Code   RO         4539    i.disk_read         diskio.o
    0x08004be0   0x08004be0   0x00000018   Code   RO         4540    i.disk_status       diskio.o
    0x08004bf8   0x08004bf8   0x0000001c   Code   RO         4541    i.disk_write        diskio.o
    0x08004c14   0x08004c14   0x00000028   Code   RO         4608    i.f_close           ff.o
    0x08004c3c   0x08004c3c   0x00000058   Code   RO         4615    i.f_mount           ff.o
    0x08004c94   0x08004c94   0x0000021c   Code   RO         4616    i.f_open            ff.o
    0x08004eb0   0x08004eb0   0x0000008e   Code   RO         4625    i.f_sync            ff.o
    0x08004f3e   0x08004f3e   0x000001b8   Code   RO         4628    i.f_write           ff.o
    0x080050f6   0x080050f6   0x00000002   PAD
    0x080050f8   0x080050f8   0x00000038   Code   RO         4505    i.ff_convert        ccsbcs_1.o
    0x08005130   0x08005130   0x00000080   Code   RO         4506    i.ff_wtoupper       ccsbcs_1.o
    0x080051b0   0x080051b0   0x00000290   Code   RO         4629    i.find_volume       ff.o
    0x08005440   0x08005440   0x0000007a   Code   RO         4630    i.follow_path       ff.o
    0x080054ba   0x080054ba   0x00000002   PAD
    0x080054bc   0x080054bc   0x00000080   Code   RO         4631    i.gen_numname       ff.o
    0x0800553c   0x0800553c   0x000000e8   Code   RO         4632    i.get_fat           ff.o
    0x08005624   0x08005624   0x00000004   Code   RO          740    i.get_fattime       fatfs.o
    0x08005628   0x08005628   0x0000003c   Code   RO         4634    i.get_ldnumber      ff.o
    0x08005664   0x08005664   0x00000088   Code   RO          209    i.gps_init          gps.o
    0x080056ec   0x080056ec   0x00000088   Code   RO          210    i.gps_process_gpgga  gps.o
    0x08005774   0x08005774   0x000000b4   Code   RO          211    i.gps_process_gpgsa  gps.o
    0x08005828   0x08005828   0x00000124   Code   RO          212    i.gps_process_gprmc  gps.o
    0x0800594c   0x0800594c   0x00000064   Code   RO          213    i.gps_process_gpvtg  gps.o
    0x080059b0   0x080059b0   0x00000088   Code   RO          214    i.gps_process_line  gps.o
    0x08005a38   0x08005a38   0x0000004a   Code   RO          215    i.gps_read_field    gps.o
    0x08005a82   0x08005a82   0x00000046   Code   RO          216    i.gps_recv_char     gps.o
    0x08005ac8   0x08005ac8   0x00000080   Code   RO         4635    i.inc_lock          ff.o
    0x08005b48   0x08005b48   0x000001a0   Code   RO          278    i.konwert_liczb     funkcje_wlasne.o
    0x08005ce8   0x08005ce8   0x00000026   Code   RO         4636    i.ld_clust          ff.o
    0x08005d0e   0x08005d0e   0x00000016   Code   RO         4637    i.ld_dword          ff.o
    0x08005d24   0x08005d24   0x0000000a   Code   RO         4638    i.ld_word           ff.o
    0x08005d2e   0x08005d2e   0x00000002   PAD
    0x08005d30   0x08005d30   0x00000044   Code   RO          279    i.licz_odleglosc    funkcje_wlasne.o
    0x08005d74   0x08005d74   0x00000034   Code   RO          280    i.licz_puls         funkcje_wlasne.o
    0x08005da8   0x08005da8   0x00000040   Code   RO          281    i.licz_sr_puls      funkcje_wlasne.o
    0x08005de8   0x08005de8   0x0000055c   Code   RO          558    i.main              main.o
    0x08006344   0x08006344   0x00000012   Code   RO         4639    i.mem_cpy           ff.o
    0x08006356   0x08006356   0x00000002   PAD
    0x08006358   0x08006358   0x0000000e   Code   RO         4640    i.mem_set           ff.o
    0x08006366   0x08006366   0x00000032   Code   RO         4641    i.move_window       ff.o
    0x08006398   0x08006398   0x00000050   Code   RO          282    i.oled_akt_il_sat   funkcje_wlasne.o
    0x080063e8   0x080063e8   0x0000004c   Code   RO          283    i.oled_akt_puls     funkcje_wlasne.o
    0x08006434   0x08006434   0x0000009c   Code   RO          284    i.oled_czas         funkcje_wlasne.o
    0x080064d0   0x080064d0   0x00000142   Code   RO          285    i.oled_ekr_glowny   funkcje_wlasne.o
    0x08006612   0x08006612   0x00000002   PAD
    0x08006614   0x08006614   0x00000148   Code   RO          286    i.oled_end          funkcje_wlasne.o
    0x0800675c   0x0800675c   0x00000150   Code   RO          287    i.oled_header       funkcje_wlasne.o
    0x080068ac   0x080068ac   0x00000132   Code   RO          288    i.oled_koniec       funkcje_wlasne.o
    0x080069de   0x080069de   0x00000002   PAD
    0x080069e0   0x080069e0   0x000000cc   Code   RO          289    i.oled_start        funkcje_wlasne.o
    0x08006aac   0x08006aac   0x00000124   Code   RO         4643    i.put_fat           ff.o
    0x08006bd0   0x08006bd0   0x00000074   Code   RO         4646    i.remove_chain      ff.o
    0x08006c44   0x08006c44   0x00000206   Code   RO           22    i.sd_ini            sd.o
    0x08006e4a   0x08006e4a   0x00000024   Code   RO          433    i.ssd1331_clear_screen  ssd1331.o
    0x08006e6e   0x08006e6e   0x00000002   PAD
    0x08006e70   0x08006e70   0x000000a2   Code   RO          434    i.ssd1331_display_char  ssd1331.o
    0x08006f12   0x08006f12   0x00000096   Code   RO          435    i.ssd1331_display_num  ssd1331.o
    0x08006fa8   0x08006fa8   0x00000062   Code   RO          436    i.ssd1331_display_string  ssd1331.o
    0x0800700a   0x0800700a   0x00000096   Code   RO          440    i.ssd1331_draw_circle  ssd1331.o
    0x080070a0   0x080070a0   0x00000056   Code   RO          443    i.ssd1331_draw_point  ssd1331.o
    0x080070f6   0x080070f6   0x00000002   PAD
    0x080070f8   0x080070f8   0x00000050   Code   RO          446    i.ssd1331_fill_rect  ssd1331.o
    0x08007148   0x08007148   0x00000158   Code   RO          447    i.ssd1331_init      ssd1331.o
    0x080072a0   0x080072a0   0x0000004c   Code   RO          448    i.ssd1331_write_byte  ssd1331.o
    0x080072ec   0x080072ec   0x00000028   Code   RO         4647    i.st_clust          ff.o
    0x08007314   0x08007314   0x00000010   Code   RO         4648    i.st_dword          ff.o
    0x08007324   0x08007324   0x00000008   Code   RO         4649    i.st_word           ff.o
    0x0800732c   0x0800732c   0x0000001a   Code   RO         4650    i.sum_sfn           ff.o
    0x08007346   0x08007346   0x00000002   PAD
    0x08007348   0x08007348   0x00000088   Code   RO         4651    i.sync_fs           ff.o
    0x080073d0   0x080073d0   0x00000052   Code   RO         4652    i.sync_window       ff.o
    0x08007422   0x08007422   0x00000032   Code   RO         4653    i.validate          ff.o
    0x08007454   0x08007454   0x00000474   Data   RO          399    .constdata          fonts.o
    0x080078c8   0x080078c8   0x000005f0   Data   RO          400    .constdata          fonts.o
    0x08007eb8   0x08007eb8   0x00000040   Data   RO         4445    .constdata          system_stm32l4xx.o
    0x08007ef8   0x08007ef8   0x00000008   Data   RO         4446    .constdata          system_stm32l4xx.o
    0x08007f00   0x08007f00   0x000003ae   Data   RO         4507    .constdata          ccsbcs_1.o
    0x080082ae   0x080082ae   0x000000aa   Data   RO         4655    .constdata          ff.o
    0x08008358   0x08008358   0x00000040   Data   RO         5343    .constdata          mc_w.l(ctype_c.o)
    0x08008398   0x08008398   0x00000020   Data   RO         5345    Region$$Table       anon$$obj.o


    Execution Region RW_IRAM1 (Exec base: 0x20000000, Load base: 0x080083b8, Size: 0x00002b18, Max: 0x00010000, ABSOLUTE)

    Exec Addr    Load Addr    Size         Type   Attr      Idx    E Section Name        Object

    0x20000000   0x080083b8   0x00000001   Data   RW           24    .data               sd.o
    0x20000001   0x080083b9   0x00000003   PAD
    0x20000004   0x080083bc   0x00000014   Data   RW          290    .data               funkcje_wlasne.o
    0x20000018   0x080083d0   0x0000009c   Data   RW          565    .data               main.o
    0x200000b4   0x0800846c   0x00000001   Data   RW          682    .data               user_diskio.o
    0x200000b5   0x0800846d   0x00000003   PAD
    0x200000b8   0x08008470   0x00000014   Data   RW          683    .data               user_diskio.o
    0x200000cc   0x08008484   0x00000005   Data   RW          743    .data               fatfs.o
    0x200000d1   0x08008489   0x00000003   PAD
    0x200000d4   0x0800848c   0x00000004   Data   RW         2665    .data               stm32l4xx_hal.o
    0x200000d8   0x08008490   0x00000004   Data   RW         4447    .data               system_stm32l4xx.o
    0x200000dc   0x08008494   0x00000008   Data   RW         4656    .data               ff.o
    0x200000e4        -       0x0000003c   Zero   RW           23    .bss                sd.o
    0x20000120        -       0x000023c8   Zero   RW          559    .bss                main.o
    0x200024e8        -       0x00000220   Zero   RW         4654    .bss                ff.o
    0x20002708        -       0x0000000c   Zero   RW         4953    .bss                ff_gen_drv.o
    0x20002714   0x0800849c   0x00000004   PAD
    0x20002718        -       0x00000400   Zero   RW            1    STACK               startup_stm32l432xx.o


==============================================================================

Image component sizes


      Code (inc. data)   RO Data    RW Data    ZI Data      Debug   Object Name

       184         22        942          0          0       2359   ccsbcs_1.o
       148         22          0          0          0       3885   diskio.o
        32         10          0          5          0       1584   fatfs.o
      5782        104        170          8        544      43769   ff.o
        70          6          0          0         12       1707   ff_gen_drv.o
         0          0       2660          0          0       1085   fonts.o
      2408        432          0         20          0       9276   funkcje_wlasne.o
      1124         70          0          0          0       6755   gps.o
      3024        156          0        156       9160      15633   main.o
       968         94          0          1         60     670864   sd.o
      1182         26          0          0          0       8879   ssd1331.o
        36          8        396          0       1024        860   startup_stm32l432xx.o
       134         18          0          4          0       4323   stm32l4xx_hal.o
       228         14          0          0          0      32365   stm32l4xx_hal_cortex.o
        78          0          0          0          0       1131   stm32l4xx_hal_dma.o
       436         26          0          0          0       3127   stm32l4xx_hal_gpio.o
       560         56          0          0          0       3314   stm32l4xx_hal_msp.o
        16          4          0          0          0        571   stm32l4xx_hal_pwr.o
       120         20          0          0          0       1418   stm32l4xx_hal_pwr_ex.o
      1860         92          0          0          0       7664   stm32l4xx_hal_rcc.o
       966         36          0          0          0       3705   stm32l4xx_hal_rcc_ex.o
      1546          0          0          0          0       7744   stm32l4xx_hal_spi.o
       606         18          0          0          0       6893   stm32l4xx_hal_tim.o
        94          6          0          0          0       3157   stm32l4xx_hal_tim_ex.o
      1972         70          0          0          0      12624   stm32l4xx_hal_uart.o
         2          0          0          0          0       1052   stm32l4xx_hal_uart_ex.o
       114         30          0          0          0       8715   stm32l4xx_it.o
         0          0          0          0          0        564   syscall.o
        68         12         72          4          0       1293   system_stm32l4xx.o
       644        204          0         21          0       4549   user_diskio.o

    ----------------------------------------------------------------------
     24452       1556       4272        228      10804     870865   Object Totals
         0          0         32          0          0          0   (incl. Generated)
        50          0          0          9          4          0   (incl. Padding)

    ----------------------------------------------------------------------

      Code (inc. data)   RO Data    RW Data    ZI Data      Debug   Library Member Name

        56          8          0          0          0         84   __0sscanf.o
        28          0          0          0          0         68   _chval.o
       818          4          0          0          0        112   _scanf.o
       338          0          0          0          0         96   _scanf_int.o
       230          0          0          0          0         96   _scanf_str.o
        64          0          0          0          0         84   _sgetc.o
        40          6         64          0          0         68   ctype_c.o
         0          0          0          0          0          0   entry.o
         0          0          0          0          0          0   entry10a.o
         0          0          0          0          0          0   entry11a.o
         8          4          0          0          0          0   entry2.o
         4          0          0          0          0          0   entry5.o
         0          0          0          0          0          0   entry7b.o
         0          0          0          0          0          0   entry8b.o
         8          4          0          0          0          0   entry9a.o
        30          0          0          0          0          0   handlers.o
        36          8          0          0          0         68   init.o
        10          0          0          0          0         68   isspace_c.o
         0          0          0          0          0          0   iusefp.o
        30          0          0          0          0         68   llshl.o
        32          0          0          0          0         68   llushr.o
        36          0          0          0          0         68   memcpya.o
      1178         50          0          0          0        420   printf8.o
        40          8          0          0          0         84   scanf_char.o
       884         12          0          0          0        216   scanf_fp.o
        28          0          0          0          0         76   strcmp.o
        14          0          0          0          0         68   strlen.o
       104          0          0          0          0         92   uldiv.o
        56          0          0          0          0         88   d2f.o
       222          0          0          0          0        100   ddiv.o
       186          0          0          0          0        176   depilogue.o
        50          0          0          0          0         76   dfixui.o
        26          0          0          0          0         76   dfltui.o
        24          0          0          0          0         76   dfltul.o
       234          0          0          0          0         96   dmul.o
       110          0          0          0          0        168   fepilogue.o

    ----------------------------------------------------------------------
      4932        104         64          0          0       2760   Library Totals
         8          0          0          0          0          0   (incl. Padding)

    ----------------------------------------------------------------------

      Code (inc. data)   RO Data    RW Data    ZI Data      Debug   Library Name

      4016        104         64          0          0       1904   mc_w.l
       908          0          0          0          0        856   mf_w.l

    ----------------------------------------------------------------------
      4932        104         64          0          0       2760   Library Totals

    ----------------------------------------------------------------------

==============================================================================


      Code (inc. data)   RO Data    RW Data    ZI Data      Debug   

     29384       1660       4336        228      10804     853973   Grand Totals
     29384       1660       4336        228      10804     853973   ELF Image Totals
     29384       1660       4336        228          0          0   ROM Totals

==============================================================================

    Total RO  Size (Code + RO Data)                33720 (  32.93kB)
    Total RW  Size (RW Data + ZI Data)             11032 (  10.77kB)
    Total ROM Size (Code + RO Data + RW Data)      33948 (  33.15kB)

==============================================================================

